********* Start testing of qmltestrunner *********
Config: Using QtTest library 5.15.19, Qt 5.15.19 (x86_64-little_endian-lp64 shared (dynamic) release build; by GCC 16.1.1 20260430), arch unknown
PASS   : qmltestrunner::MochaDSTests::initTestCase()
QWARN  : qmltestrunner::MochaDSTests::test_accordion_expansion() XMLHttpRequest: Using GET on a local file is dangerous and will be disabled by default in a future Qt version.Set QML_XHR_ALLOW_FILE_READ to 1 if you wish to continue using this feature.
QWARN  : qmltestrunner::MochaDSTests::test_accordion_expansion() XMLHttpRequest: Using GET on a local file is dangerous and will be disabled by default in a future Qt version.Set QML_XHR_ALLOW_FILE_READ to 1 if you wish to continue using this feature.
QWARN  : qmltestrunner::MochaDSTests::test_accordion_expansion() XMLHttpRequest: Using GET on a local file is dangerous and will be disabled by default in a future Qt version.Set QML_XHR_ALLOW_FILE_READ to 1 if you wish to continue using this feature.
QWARN  : qmltestrunner::MochaDSTests::test_accordion_expansion() XMLHttpRequest: Using GET on a local file is dangerous and will be disabled by default in a future Qt version.Set QML_XHR_ALLOW_FILE_READ to 1 if you wish to continue using this feature.
QWARN  : qmltestrunner::MochaDSTests::test_accordion_expansion() XMLHttpRequest: Using GET on a local file is dangerous and will be disabled by default in a future Qt version.Set QML_XHR_ALLOW_FILE_READ to 1 if you wish to continue using this feature.
QWARN  : qmltestrunner::MochaDSTests::test_accordion_expansion() XMLHttpRequest: Using GET on a local file is dangerous and will be disabled by default in a future Qt version.Set QML_XHR_ALLOW_FILE_READ to 1 if you wish to continue using this feature.
PASS   : qmltestrunner::MochaDSTests::test_accordion_expansion()
PASS   : qmltestrunner::MochaDSTests::test_badge_creation()
FAIL!  : qmltestrunner::MochaDSTests::test_barchart_auto_max() Compared values are not the same
   Actual   (): 100
   Expected (): 55
   Loc: [/home/savunma/.gemini/antigravity/scratch/mocha-ds/test/tst_mocha_ds.qml(1254)]
PASS   : qmltestrunner::MochaDSTests::test_barchart_creation()
QWARN  : qmltestrunner::MochaDSTests::test_button_click() XMLHttpRequest: Using GET on a local file is dangerous and will be disabled by default in a future Qt version.Set QML_XHR_ALLOW_FILE_READ to 1 if you wish to continue using this feature.
QWARN  : qmltestrunner::MochaDSTests::test_button_click() XMLHttpRequest: Using GET on a local file is dangerous and will be disabled by default in a future Qt version.Set QML_XHR_ALLOW_FILE_READ to 1 if you wish to continue using this feature.
QWARN  : qmltestrunner::MochaDSTests::test_button_click() XMLHttpRequest: Using GET on a local file is dangerous and will be disabled by default in a future Qt version.Set QML_XHR_ALLOW_FILE_READ to 1 if you wish to continue using this feature.
PASS   : qmltestrunner::MochaDSTests::test_button_click()
QWARN  : qmltestrunner::MochaDSTests::test_button_creation() XMLHttpRequest: Using GET on a local file is dangerous and will be disabled by default in a future Qt version.Set QML_XHR_ALLOW_FILE_READ to 1 if you wish to continue using this feature.
QWARN  : qmltestrunner::MochaDSTests::test_button_creation() XMLHttpRequest: Using GET on a local file is dangerous and will be disabled by default in a future Qt version.Set QML_XHR_ALLOW_FILE_READ to 1 if you wish to continue using this feature.
QWARN  : qmltestrunner::MochaDSTests::test_button_creation() XMLHttpRequest: Using GET on a local file is dangerous and will be disabled by default in a future Qt version.Set QML_XHR_ALLOW_FILE_READ to 1 if you wish to continue using this feature.
PASS   : qmltestrunner::MochaDSTests::test_button_creation()
QWARN  : qmltestrunner::MochaDSTests::test_button_sizes() XMLHttpRequest: Using GET on a local file is dangerous and will be disabled by default in a future Qt version.Set QML_XHR_ALLOW_FILE_READ to 1 if you wish to continue using this feature.
QWARN  : qmltestrunner::MochaDSTests::test_button_sizes() XMLHttpRequest: Using GET on a local file is dangerous and will be disabled by default in a future Qt version.Set QML_XHR_ALLOW_FILE_READ to 1 if you wish to continue using this feature.
QWARN  : qmltestrunner::MochaDSTests::test_button_sizes() XMLHttpRequest: Using GET on a local file is dangerous and will be disabled by default in a future Qt version.Set QML_XHR_ALLOW_FILE_READ to 1 if you wish to continue using this feature.
QWARN  : qmltestrunner::MochaDSTests::test_button_sizes() XMLHttpRequest: Using GET on a local file is dangerous and will be disabled by default in a future Qt version.Set QML_XHR_ALLOW_FILE_READ to 1 if you wish to continue using this feature.
QWARN  : qmltestrunner::MochaDSTests::test_button_sizes() XMLHttpRequest: Using GET on a local file is dangerous and will be disabled by default in a future Qt version.Set QML_XHR_ALLOW_FILE_READ to 1 if you wish to continue using this feature.
QWARN  : qmltestrunner::MochaDSTests::test_button_sizes() XMLHttpRequest: Using GET on a local file is dangerous and will be disabled by default in a future Qt version.Set QML_XHR_ALLOW_FILE_READ to 1 if you wish to continue using this feature.
QWARN  : qmltestrunner::MochaDSTests::test_button_sizes() XMLHttpRequest: Using GET on a local file is dangerous and will be disabled by default in a future Qt version.Set QML_XHR_ALLOW_FILE_READ to 1 if you wish to continue using this feature.
QWARN  : qmltestrunner::MochaDSTests::test_button_sizes() XMLHttpRequest: Using GET on a local file is dangerous and will be disabled by default in a future Qt version.Set QML_XHR_ALLOW_FILE_READ to 1 if you wish to continue using this feature.
QWARN  : qmltestrunner::MochaDSTests::test_button_sizes() XMLHttpRequest: Using GET on a local file is dangerous and will be disabled by default in a future Qt version.Set QML_XHR_ALLOW_FILE_READ to 1 if you wish to continue using this feature.
PASS   : qmltestrunner::MochaDSTests::test_button_sizes()
QWARN  : qmltestrunner::MochaDSTests::test_button_variants() XMLHttpRequest: Using GET on a local file is dangerous and will be disabled by default in a future Qt version.Set QML_XHR_ALLOW_FILE_READ to 1 if you wish to continue using this feature.
QWARN  : qmltestrunner::MochaDSTests::test_button_variants() XMLHttpRequest: Using GET on a local file is dangerous and will be disabled by default in a future Qt version.Set QML_XHR_ALLOW_FILE_READ to 1 if you wish to continue using this feature.
QWARN  : qmltestrunner::MochaDSTests::test_button_variants() XMLHttpRequest: Using GET on a local file is dangerous and will be disabled by default in a future Qt version.Set QML_XHR_ALLOW_FILE_READ to 1 if you wish to continue using this feature.
QWARN  : qmltestrunner::MochaDSTests::test_button_variants() XMLHttpRequest: Using GET on a local file is dangerous and will be disabled by default in a future Qt version.Set QML_XHR_ALLOW_FILE_READ to 1 if you wish to continue using this feature.
QWARN  : qmltestrunner::MochaDSTests::test_button_variants() XMLHttpRequest: Using GET on a local file is dangerous and will be disabled by default in a future Qt version.Set QML_XHR_ALLOW_FILE_READ to 1 if you wish to continue using this feature.
QWARN  : qmltestrunner::MochaDSTests::test_button_variants() XMLHttpRequest: Using GET on a local file is dangerous and will be disabled by default in a future Qt version.Set QML_XHR_ALLOW_FILE_READ to 1 if you wish to continue using this feature.
QWARN  : qmltestrunner::MochaDSTests::test_button_variants() XMLHttpRequest: Using GET on a local file is dangerous and will be disabled by default in a future Qt version.Set QML_XHR_ALLOW_FILE_READ to 1 if you wish to continue using this feature.
QWARN  : qmltestrunner::MochaDSTests::test_button_variants() XMLHttpRequest: Using GET on a local file is dangerous and will be disabled by default in a future Qt version.Set QML_XHR_ALLOW_FILE_READ to 1 if you wish to continue using this feature.
QWARN  : qmltestrunner::MochaDSTests::test_button_variants() XMLHttpRequest: Using GET on a local file is dangerous and will be disabled by default in a future Qt version.Set QML_XHR_ALLOW_FILE_READ to 1 if you wish to continue using this feature.
QWARN  : qmltestrunner::MochaDSTests::test_button_variants() XMLHttpRequest: Using GET on a local file is dangerous and will be disabled by default in a future Qt version.Set QML_XHR_ALLOW_FILE_READ to 1 if you wish to continue using this feature.
QWARN  : qmltestrunner::MochaDSTests::test_button_variants() XMLHttpRequest: Using GET on a local file is dangerous and will be disabled by default in a future Qt version.Set QML_XHR_ALLOW_FILE_READ to 1 if you wish to continue using this feature.
QWARN  : qmltestrunner::MochaDSTests::test_button_variants() XMLHttpRequest: Using GET on a local file is dangerous and will be disabled by default in a future Qt version.Set QML_XHR_ALLOW_FILE_READ to 1 if you wish to continue using this feature.
PASS   : qmltestrunner::MochaDSTests::test_button_variants()
PASS   : qmltestrunner::MochaDSTests::test_card_creation()
QWARN  : qmltestrunner::MochaDSTests::test_checkbox() XMLHttpRequest: Using GET on a local file is dangerous and will be disabled by default in a future Qt version.Set QML_XHR_ALLOW_FILE_READ to 1 if you wish to continue using this feature.
QWARN  : qmltestrunner::MochaDSTests::test_checkbox() XMLHttpRequest: Using GET on a local file is dangerous and will be disabled by default in a future Qt version.Set QML_XHR_ALLOW_FILE_READ to 1 if you wish to continue using this feature.
QWARN  : qmltestrunner::MochaDSTests::test_checkbox() XMLHttpRequest: Using GET on a local file is dangerous and will be disabled by default in a future Qt version.Set QML_XHR_ALLOW_FILE_READ to 1 if you wish to continue using this feature.
PASS   : qmltestrunner::MochaDSTests::test_checkbox()
QWARN  : qmltestrunner::MochaDSTests::test_color_picker() XMLHttpRequest: Using GET on a local file is dangerous and will be disabled by default in a future Qt version.Set QML_XHR_ALLOW_FILE_READ to 1 if you wish to continue using this feature.
QWARN  : qmltestrunner::MochaDSTests::test_color_picker() XMLHttpRequest: Using GET on a local file is dangerous and will be disabled by default in a future Qt version.Set QML_XHR_ALLOW_FILE_READ to 1 if you wish to continue using this feature.
QWARN  : qmltestrunner::MochaDSTests::test_color_picker() XMLHttpRequest: Using GET on a local file is dangerous and will be disabled by default in a future Qt version.Set QML_XHR_ALLOW_FILE_READ to 1 if you wish to continue using this feature.
QWARN  : qmltestrunner::MochaDSTests::test_color_picker() XMLHttpRequest: Using GET on a local file is dangerous and will be disabled by default in a future Qt version.Set QML_XHR_ALLOW_FILE_READ to 1 if you wish to continue using this feature.
QWARN  : qmltestrunner::MochaDSTests::test_color_picker() XMLHttpRequest: Using GET on a local file is dangerous and will be disabled by default in a future Qt version.Set QML_XHR_ALLOW_FILE_READ to 1 if you wish to continue using this feature.
QWARN  : qmltestrunner::MochaDSTests::test_color_picker() XMLHttpRequest: Using GET on a local file is dangerous and will be disabled by default in a future Qt version.Set QML_XHR_ALLOW_FILE_READ to 1 if you wish to continue using this feature.
PASS   : qmltestrunner::MochaDSTests::test_color_picker()
QWARN  : qmltestrunner::MochaDSTests::test_cozy_color_picker() XMLHttpRequest: Using GET on a local file is dangerous and will be disabled by default in a future Qt version.Set QML_XHR_ALLOW_FILE_READ to 1 if you wish to continue using this feature.
QWARN  : qmltestrunner::MochaDSTests::test_cozy_color_picker() XMLHttpRequest: Using GET on a local file is dangerous and will be disabled by default in a future Qt version.Set QML_XHR_ALLOW_FILE_READ to 1 if you wish to continue using this feature.
QWARN  : qmltestrunner::MochaDSTests::test_cozy_color_picker() XMLHttpRequest: Using GET on a local file is dangerous and will be disabled by default in a future Qt version.Set QML_XHR_ALLOW_FILE_READ to 1 if you wish to continue using this feature.
QWARN  : qmltestrunner::MochaDSTests::test_cozy_color_picker() XMLHttpRequest: Using GET on a local file is dangerous and will be disabled by default in a future Qt version.Set QML_XHR_ALLOW_FILE_READ to 1 if you wish to continue using this feature.
QWARN  : qmltestrunner::MochaDSTests::test_cozy_color_picker() XMLHttpRequest: Using GET on a local file is dangerous and will be disabled by default in a future Qt version.Set QML_XHR_ALLOW_FILE_READ to 1 if you wish to continue using this feature.
QWARN  : qmltestrunner::MochaDSTests::test_cozy_color_picker() XMLHttpRequest: Using GET on a local file is dangerous and will be disabled by default in a future Qt version.Set QML_XHR_ALLOW_FILE_READ to 1 if you wish to continue using this feature.
QWARN  : qmltestrunner::MochaDSTests::test_cozy_color_picker() XMLHttpRequest: Using GET on a local file is dangerous and will be disabled by default in a future Qt version.Set QML_XHR_ALLOW_FILE_READ to 1 if you wish to continue using this feature.
QWARN  : qmltestrunner::MochaDSTests::test_cozy_color_picker() XMLHttpRequest: Using GET on a local file is dangerous and will be disabled by default in a future Qt version.Set QML_XHR_ALLOW_FILE_READ to 1 if you wish to continue using this feature.
QWARN  : qmltestrunner::MochaDSTests::test_cozy_color_picker() XMLHttpRequest: Using GET on a local file is dangerous and will be disabled by default in a future Qt version.Set QML_XHR_ALLOW_FILE_READ to 1 if you wish to continue using this feature.
QWARN  : qmltestrunner::MochaDSTests::test_cozy_color_picker() XMLHttpRequest: Using GET on a local file is dangerous and will be disabled by default in a future Qt version.Set QML_XHR_ALLOW_FILE_READ to 1 if you wish to continue using this feature.
QWARN  : qmltestrunner::MochaDSTests::test_cozy_color_picker() XMLHttpRequest: Using GET on a local file is dangerous and will be disabled by default in a future Qt version.Set QML_XHR_ALLOW_FILE_READ to 1 if you wish to continue using this feature.
QWARN  : qmltestrunner::MochaDSTests::test_cozy_color_picker() XMLHttpRequest: Using GET on a local file is dangerous and will be disabled by default in a future Qt version.Set QML_XHR_ALLOW_FILE_READ to 1 if you wish to continue using this feature.
QWARN  : qmltestrunner::MochaDSTests::test_cozy_color_picker() XMLHttpRequest: Using GET on a local file is dangerous and will be disabled by default in a future Qt version.Set QML_XHR_ALLOW_FILE_READ to 1 if you wish to continue using this feature.
QWARN  : qmltestrunner::MochaDSTests::test_cozy_color_picker() XMLHttpRequest: Using GET on a local file is dangerous and will be disabled by default in a future Qt version.Set QML_XHR_ALLOW_FILE_READ to 1 if you wish to continue using this feature.
QWARN  : qmltestrunner::MochaDSTests::test_cozy_color_picker() XMLHttpRequest: Using GET on a local file is dangerous and will be disabled by default in a future Qt version.Set QML_XHR_ALLOW_FILE_READ to 1 if you wish to continue using this feature.
QWARN  : qmltestrunner::MochaDSTests::test_cozy_color_picker() XMLHttpRequest: Using GET on a local file is dangerous and will be disabled by default in a future Qt version.Set QML_XHR_ALLOW_FILE_READ to 1 if you wish to continue using this feature.
QWARN  : qmltestrunner::MochaDSTests::test_cozy_color_picker() XMLHttpRequest: Using GET on a local file is dangerous and will be disabled by default in a future Qt version.Set QML_XHR_ALLOW_FILE_READ to 1 if you wish to continue using this feature.
QWARN  : qmltestrunner::MochaDSTests::test_cozy_color_picker() XMLHttpRequest: Using GET on a local file is dangerous and will be disabled by default in a future Qt version.Set QML_XHR_ALLOW_FILE_READ to 1 if you wish to continue using this feature.
PASS   : qmltestrunner::MochaDSTests::test_cozy_color_picker()
FAIL!  : qmltestrunner::MochaDSTests::test_cozy_list_empty() Compared values are not the same
   Actual   (): 3
   Expected (): 1
   Loc: [/home/savunma/.gemini/antigravity/scratch/mocha-ds/test/tst_mocha_ds.qml(1390)]
QWARN  : qmltestrunner::MochaDSTests::test_date_picker() XMLHttpRequest: Using GET on a local file is dangerous and will be disabled by default in a future Qt version.Set QML_XHR_ALLOW_FILE_READ to 1 if you wish to continue using this feature.
QWARN  : qmltestrunner::MochaDSTests::test_date_picker() XMLHttpRequest: Using GET on a local file is dangerous and will be disabled by default in a future Qt version.Set QML_XHR_ALLOW_FILE_READ to 1 if you wish to continue using this feature.
QWARN  : qmltestrunner::MochaDSTests::test_date_picker() XMLHttpRequest: Using GET on a local file is dangerous and will be disabled by default in a future Qt version.Set QML_XHR_ALLOW_FILE_READ to 1 if you wish to continue using this feature.
QWARN  : qmltestrunner::MochaDSTests::test_date_picker() XMLHttpRequest: Using GET on a local file is dangerous and will be disabled by default in a future Qt version.Set QML_XHR_ALLOW_FILE_READ to 1 if you wish to continue using this feature.
QWARN  : qmltestrunner::MochaDSTests::test_date_picker() XMLHttpRequest: Using GET on a local file is dangerous and will be disabled by default in a future Qt version.Set QML_XHR_ALLOW_FILE_READ to 1 if you wish to continue using this feature.
QWARN  : qmltestrunner::MochaDSTests::test_date_picker() XMLHttpRequest: Using GET on a local file is dangerous and will be disabled by default in a future Qt version.Set QML_XHR_ALLOW_FILE_READ to 1 if you wish to continue using this feature.
QWARN  : qmltestrunner::MochaDSTests::test_date_picker() XMLHttpRequest: Using GET on a local file is dangerous and will be disabled by default in a future Qt version.Set QML_XHR_ALLOW_FILE_READ to 1 if you wish to continue using this feature.
QWARN  : qmltestrunner::MochaDSTests::test_date_picker() XMLHttpRequest: Using GET on a local file is dangerous and will be disabled by default in a future Qt version.Set QML_XHR_ALLOW_FILE_READ to 1 if you wish to continue using this feature.
QWARN  : qmltestrunner::MochaDSTests::test_date_picker() XMLHttpRequest: Using GET on a local file is dangerous and will be disabled by default in a future Qt version.Set QML_XHR_ALLOW_FILE_READ to 1 if you wish to continue using this feature.
PASS   : qmltestrunner::MochaDSTests::test_date_picker()
QWARN  : qmltestrunner::MochaDSTests::test_drawer_creation() XMLHttpRequest: Using GET on a local file is dangerous and will be disabled by default in a future Qt version.Set QML_XHR_ALLOW_FILE_READ to 1 if you wish to continue using this feature.
QWARN  : qmltestrunner::MochaDSTests::test_drawer_creation() XMLHttpRequest: Using GET on a local file is dangerous and will be disabled by default in a future Qt version.Set QML_XHR_ALLOW_FILE_READ to 1 if you wish to continue using this feature.
QWARN  : qmltestrunner::MochaDSTests::test_drawer_creation() XMLHttpRequest: Using GET on a local file is dangerous and will be disabled by default in a future Qt version.Set QML_XHR_ALLOW_FILE_READ to 1 if you wish to continue using this feature.
QWARN  : qmltestrunner::MochaDSTests::test_drawer_creation() XMLHttpRequest: Using GET on a local file is dangerous and will be disabled by default in a future Qt version.Set QML_XHR_ALLOW_FILE_READ to 1 if you wish to continue using this feature.
QWARN  : qmltestrunner::MochaDSTests::test_drawer_creation() XMLHttpRequest: Using GET on a local file is dangerous and will be disabled by default in a future Qt version.Set QML_XHR_ALLOW_FILE_READ to 1 if you wish to continue using this feature.
QWARN  : qmltestrunner::MochaDSTests::test_drawer_creation() XMLHttpRequest: Using GET on a local file is dangerous and will be disabled by default in a future Qt version.Set QML_XHR_ALLOW_FILE_READ to 1 if you wish to continue using this feature.
PASS   : qmltestrunner::MochaDSTests::test_drawer_creation()
QWARN  : qmltestrunner::MochaDSTests::test_drawer_sizing() XMLHttpRequest: Using GET on a local file is dangerous and will be disabled by default in a future Qt version.Set QML_XHR_ALLOW_FILE_READ to 1 if you wish to continue using this feature.
QWARN  : qmltestrunner::MochaDSTests::test_drawer_sizing() XMLHttpRequest: Using GET on a local file is dangerous and will be disabled by default in a future Qt version.Set QML_XHR_ALLOW_FILE_READ to 1 if you wish to continue using this feature.
QWARN  : qmltestrunner::MochaDSTests::test_drawer_sizing() XMLHttpRequest: Using GET on a local file is dangerous and will be disabled by default in a future Qt version.Set QML_XHR_ALLOW_FILE_READ to 1 if you wish to continue using this feature.
QWARN  : qmltestrunner::MochaDSTests::test_drawer_sizing() XMLHttpRequest: Using GET on a local file is dangerous and will be disabled by default in a future Qt version.Set QML_XHR_ALLOW_FILE_READ to 1 if you wish to continue using this feature.
QWARN  : qmltestrunner::MochaDSTests::test_drawer_sizing() XMLHttpRequest: Using GET on a local file is dangerous and will be disabled by default in a future Qt version.Set QML_XHR_ALLOW_FILE_READ to 1 if you wish to continue using this feature.
QWARN  : qmltestrunner::MochaDSTests::test_drawer_sizing() XMLHttpRequest: Using GET on a local file is dangerous and will be disabled by default in a future Qt version.Set QML_XHR_ALLOW_FILE_READ to 1 if you wish to continue using this feature.
QWARN  : qmltestrunner::MochaDSTests::test_drawer_sizing() XMLHttpRequest: Using GET on a local file is dangerous and will be disabled by default in a future Qt version.Set QML_XHR_ALLOW_FILE_READ to 1 if you wish to continue using this feature.
QWARN  : qmltestrunner::MochaDSTests::test_drawer_sizing() XMLHttpRequest: Using GET on a local file is dangerous and will be disabled by default in a future Qt version.Set QML_XHR_ALLOW_FILE_READ to 1 if you wish to continue using this feature.
QWARN  : qmltestrunner::MochaDSTests::test_drawer_sizing() XMLHttpRequest: Using GET on a local file is dangerous and will be disabled by default in a future Qt version.Set QML_XHR_ALLOW_FILE_READ to 1 if you wish to continue using this feature.
QWARN  : qmltestrunner::MochaDSTests::test_drawer_sizing() XMLHttpRequest: Using GET on a local file is dangerous and will be disabled by default in a future Qt version.Set QML_XHR_ALLOW_FILE_READ to 1 if you wish to continue using this feature.
QWARN  : qmltestrunner::MochaDSTests::test_drawer_sizing() XMLHttpRequest: Using GET on a local file is dangerous and will be disabled by default in a future Qt version.Set QML_XHR_ALLOW_FILE_READ to 1 if you wish to continue using this feature.
QWARN  : qmltestrunner::MochaDSTests::test_drawer_sizing() XMLHttpRequest: Using GET on a local file is dangerous and will be disabled by default in a future Qt version.Set QML_XHR_ALLOW_FILE_READ to 1 if you wish to continue using this feature.
PASS   : qmltestrunner::MochaDSTests::test_drawer_sizing()
PASS   : qmltestrunner::MochaDSTests::test_dropdown_creation()
PASS   : qmltestrunner::MochaDSTests::test_dropdown_default_props()
QWARN  : qmltestrunner::MochaDSTests::test_dropdown_items_array() XMLHttpRequest: Using GET on a local file is dangerous and will be disabled by default in a future Qt version.Set QML_XHR_ALLOW_FILE_READ to 1 if you wish to continue using this feature.
QWARN  : qmltestrunner::MochaDSTests::test_dropdown_items_array() XMLHttpRequest: Using GET on a local file is dangerous and will be disabled by default in a future Qt version.Set QML_XHR_ALLOW_FILE_READ to 1 if you wish to continue using this feature.
QWARN  : qmltestrunner::MochaDSTests::test_dropdown_items_array() XMLHttpRequest: Using GET on a local file is dangerous and will be disabled by default in a future Qt version.Set QML_XHR_ALLOW_FILE_READ to 1 if you wish to continue using this feature.
QWARN  : qmltestrunner::MochaDSTests::test_dropdown_items_array() XMLHttpRequest: Using GET on a local file is dangerous and will be disabled by default in a future Qt version.Set QML_XHR_ALLOW_FILE_READ to 1 if you wish to continue using this feature.
QWARN  : qmltestrunner::MochaDSTests::test_dropdown_items_array() XMLHttpRequest: Using GET on a local file is dangerous and will be disabled by default in a future Qt version.Set QML_XHR_ALLOW_FILE_READ to 1 if you wish to continue using this feature.
QWARN  : qmltestrunner::MochaDSTests::test_dropdown_items_array() XMLHttpRequest: Using GET on a local file is dangerous and will be disabled by default in a future Qt version.Set QML_XHR_ALLOW_FILE_READ to 1 if you wish to continue using this feature.
PASS   : qmltestrunner::MochaDSTests::test_dropdown_items_array()
PASS   : qmltestrunner::MochaDSTests::test_dropdown_open_close()
PASS   : qmltestrunner::MochaDSTests::test_dropdown_placement_values()
QWARN  : qmltestrunner::MochaDSTests::test_dynamic_form() XMLHttpRequest: Using GET on a local file is dangerous and will be disabled by default in a future Qt version.Set QML_XHR_ALLOW_FILE_READ to 1 if you wish to continue using this feature.
QWARN  : qmltestrunner::MochaDSTests::test_dynamic_form() XMLHttpRequest: Using GET on a local file is dangerous and will be disabled by default in a future Qt version.Set QML_XHR_ALLOW_FILE_READ to 1 if you wish to continue using this feature.
QWARN  : qmltestrunner::MochaDSTests::test_dynamic_form() XMLHttpRequest: Using GET on a local file is dangerous and will be disabled by default in a future Qt version.Set QML_XHR_ALLOW_FILE_READ to 1 if you wish to continue using this feature.
QWARN  : qmltestrunner::MochaDSTests::test_dynamic_form() XMLHttpRequest: Using GET on a local file is dangerous and will be disabled by default in a future Qt version.Set QML_XHR_ALLOW_FILE_READ to 1 if you wish to continue using this feature.
QWARN  : qmltestrunner::MochaDSTests::test_dynamic_form() XMLHttpRequest: Using GET on a local file is dangerous and will be disabled by default in a future Qt version.Set QML_XHR_ALLOW_FILE_READ to 1 if you wish to continue using this feature.
QWARN  : qmltestrunner::MochaDSTests::test_dynamic_form() XMLHttpRequest: Using GET on a local file is dangerous and will be disabled by default in a future Qt version.Set QML_XHR_ALLOW_FILE_READ to 1 if you wish to continue using this feature.
QWARN  : qmltestrunner::MochaDSTests::test_dynamic_form() XMLHttpRequest: Using GET on a local file is dangerous and will be disabled by default in a future Qt version.Set QML_XHR_ALLOW_FILE_READ to 1 if you wish to continue using this feature.
QWARN  : qmltestrunner::MochaDSTests::test_dynamic_form() XMLHttpRequest: Using GET on a local file is dangerous and will be disabled by default in a future Qt version.Set QML_XHR_ALLOW_FILE_READ to 1 if you wish to continue using this feature.
QWARN  : qmltestrunner::MochaDSTests::test_dynamic_form() XMLHttpRequest: Using GET on a local file is dangerous and will be disabled by default in a future Qt version.Set QML_XHR_ALLOW_FILE_READ to 1 if you wish to continue using this feature.
QWARN  : qmltestrunner::MochaDSTests::test_dynamic_form() XMLHttpRequest: Using GET on a local file is dangerous and will be disabled by default in a future Qt version.Set QML_XHR_ALLOW_FILE_READ to 1 if you wish to continue using this feature.
QWARN  : qmltestrunner::MochaDSTests::test_dynamic_form() XMLHttpRequest: Using GET on a local file is dangerous and will be disabled by default in a future Qt version.Set QML_XHR_ALLOW_FILE_READ to 1 if you wish to continue using this feature.
QWARN  : qmltestrunner::MochaDSTests::test_dynamic_form() XMLHttpRequest: Using GET on a local file is dangerous and will be disabled by default in a future Qt version.Set QML_XHR_ALLOW_FILE_READ to 1 if you wish to continue using this feature.
QWARN  : qmltestrunner::MochaDSTests::test_dynamic_form() XMLHttpRequest: Using GET on a local file is dangerous and will be disabled by default in a future Qt version.Set QML_XHR_ALLOW_FILE_READ to 1 if you wish to continue using this feature.
QWARN  : qmltestrunner::MochaDSTests::test_dynamic_form() XMLHttpRequest: Using GET on a local file is dangerous and will be disabled by default in a future Qt version.Set QML_XHR_ALLOW_FILE_READ to 1 if you wish to continue using this feature.
QWARN  : qmltestrunner::MochaDSTests::test_dynamic_form() XMLHttpRequest: Using GET on a local file is dangerous and will be disabled by default in a future Qt version.Set QML_XHR_ALLOW_FILE_READ to 1 if you wish to continue using this feature.
PASS   : qmltestrunner::MochaDSTests::test_dynamic_form()
QWARN  : qmltestrunner::MochaDSTests::test_form_field_sync() XMLHttpRequest: Using GET on a local file is dangerous and will be disabled by default in a future Qt version.Set QML_XHR_ALLOW_FILE_READ to 1 if you wish to continue using this feature.
QWARN  : qmltestrunner::MochaDSTests::test_form_field_sync() XMLHttpRequest: Using GET on a local file is dangerous and will be disabled by default in a future Qt version.Set QML_XHR_ALLOW_FILE_READ to 1 if you wish to continue using this feature.
QWARN  : qmltestrunner::MochaDSTests::test_form_field_sync() XMLHttpRequest: Using GET on a local file is dangerous and will be disabled by default in a future Qt version.Set QML_XHR_ALLOW_FILE_READ to 1 if you wish to continue using this feature.
QWARN  : qmltestrunner::MochaDSTests::test_form_field_sync() XMLHttpRequest: Using GET on a local file is dangerous and will be disabled by default in a future Qt version.Set QML_XHR_ALLOW_FILE_READ to 1 if you wish to continue using this feature.
QWARN  : qmltestrunner::MochaDSTests::test_form_field_sync() XMLHttpRequest: Using GET on a local file is dangerous and will be disabled by default in a future Qt version.Set QML_XHR_ALLOW_FILE_READ to 1 if you wish to continue using this feature.
QWARN  : qmltestrunner::MochaDSTests::test_form_field_sync() XMLHttpRequest: Using GET on a local file is dangerous and will be disabled by default in a future Qt version.Set QML_XHR_ALLOW_FILE_READ to 1 if you wish to continue using this feature.
QWARN  : qmltestrunner::MochaDSTests::test_form_field_sync() XMLHttpRequest: Using GET on a local file is dangerous and will be disabled by default in a future Qt version.Set QML_XHR_ALLOW_FILE_READ to 1 if you wish to continue using this feature.
QWARN  : qmltestrunner::MochaDSTests::test_form_field_sync() XMLHttpRequest: Using GET on a local file is dangerous and will be disabled by default in a future Qt version.Set QML_XHR_ALLOW_FILE_READ to 1 if you wish to continue using this feature.
QWARN  : qmltestrunner::MochaDSTests::test_form_field_sync() XMLHttpRequest: Using GET on a local file is dangerous and will be disabled by default in a future Qt version.Set QML_XHR_ALLOW_FILE_READ to 1 if you wish to continue using this feature.
PASS   : qmltestrunner::MochaDSTests::test_form_field_sync()
FAIL!  : qmltestrunner::MochaDSTests::test_interactive_list_cell() Compared values are not the same
   Actual   (): 3
   Expected (): 1
   Loc: [/home/savunma/.gemini/antigravity/scratch/mocha-ds/test/tst_mocha_ds.qml(1370)]
QWARN  : qmltestrunner::MochaDSTests::test_items_per_page() XMLHttpRequest: Using GET on a local file is dangerous and will be disabled by default in a future Qt version.Set QML_XHR_ALLOW_FILE_READ to 1 if you wish to continue using this feature.
QWARN  : qmltestrunner::MochaDSTests::test_items_per_page() XMLHttpRequest: Using GET on a local file is dangerous and will be disabled by default in a future Qt version.Set QML_XHR_ALLOW_FILE_READ to 1 if you wish to continue using this feature.
QWARN  : qmltestrunner::MochaDSTests::test_items_per_page() XMLHttpRequest: Using GET on a local file is dangerous and will be disabled by default in a future Qt version.Set QML_XHR_ALLOW_FILE_READ to 1 if you wish to continue using this feature.
PASS   : qmltestrunner::MochaDSTests::test_items_per_page()
PASS   : qmltestrunner::MochaDSTests::test_linechart_creation()
PASS   : qmltestrunner::MochaDSTests::test_linechart_custom_max()
QWARN  : qmltestrunner::MochaDSTests::test_lucide_icon_resolve() XMLHttpRequest: Using GET on a local file is dangerous and will be disabled by default in a future Qt version.Set QML_XHR_ALLOW_FILE_READ to 1 if you wish to continue using this feature.
QWARN  : qmltestrunner::MochaDSTests::test_lucide_icon_resolve() XMLHttpRequest: Using GET on a local file is dangerous and will be disabled by default in a future Qt version.Set QML_XHR_ALLOW_FILE_READ to 1 if you wish to continue using this feature.
QWARN  : qmltestrunner::MochaDSTests::test_lucide_icon_resolve() XMLHttpRequest: Using GET on a local file is dangerous and will be disabled by default in a future Qt version.Set QML_XHR_ALLOW_FILE_READ to 1 if you wish to continue using this feature.
PASS   : qmltestrunner::MochaDSTests::test_lucide_icon_resolve()
QWARN  : qmltestrunner::MochaDSTests::test_lucide_icon_stroke_width() XMLHttpRequest: Using GET on a local file is dangerous and will be disabled by default in a future Qt version.Set QML_XHR_ALLOW_FILE_READ to 1 if you wish to continue using this feature.
QWARN  : qmltestrunner::MochaDSTests::test_lucide_icon_stroke_width() XMLHttpRequest: Using GET on a local file is dangerous and will be disabled by default in a future Qt version.Set QML_XHR_ALLOW_FILE_READ to 1 if you wish to continue using this feature.
QWARN  : qmltestrunner::MochaDSTests::test_lucide_icon_stroke_width() XMLHttpRequest: Using GET on a local file is dangerous and will be disabled by default in a future Qt version.Set QML_XHR_ALLOW_FILE_READ to 1 if you wish to continue using this feature.
QWARN  : qmltestrunner::MochaDSTests::test_lucide_icon_stroke_width() XMLHttpRequest: Using GET on a local file is dangerous and will be disabled by default in a future Qt version.Set QML_XHR_ALLOW_FILE_READ to 1 if you wish to continue using this feature.
PASS   : qmltestrunner::MochaDSTests::test_lucide_icon_stroke_width()
QWARN  : qmltestrunner::MochaDSTests::test_markdown_editor() file:///home/savunma/.gemini/antigravity/scratch/mocha-ds/ScrollBar.qml:100:5: QML MouseArea: Cannot anchor to an item that isn't a parent or sibling.
QWARN  : qmltestrunner::MochaDSTests::test_markdown_editor() file:///home/savunma/.gemini/antigravity/scratch/mocha-ds/ScrollBar.qml:100:5: QML MouseArea: Cannot anchor to an item that isn't a parent or sibling.
QWARN  : qmltestrunner::MochaDSTests::test_markdown_editor() XMLHttpRequest: Using GET on a local file is dangerous and will be disabled by default in a future Qt version.Set QML_XHR_ALLOW_FILE_READ to 1 if you wish to continue using this feature.
QWARN  : qmltestrunner::MochaDSTests::test_markdown_editor() XMLHttpRequest: Using GET on a local file is dangerous and will be disabled by default in a future Qt version.Set QML_XHR_ALLOW_FILE_READ to 1 if you wish to continue using this feature.
QWARN  : qmltestrunner::MochaDSTests::test_markdown_editor() XMLHttpRequest: Using GET on a local file is dangerous and will be disabled by default in a future Qt version.Set QML_XHR_ALLOW_FILE_READ to 1 if you wish to continue using this feature.
QWARN  : qmltestrunner::MochaDSTests::test_markdown_editor() XMLHttpRequest: Using GET on a local file is dangerous and will be disabled by default in a future Qt version.Set QML_XHR_ALLOW_FILE_READ to 1 if you wish to continue using this feature.
QWARN  : qmltestrunner::MochaDSTests::test_markdown_editor() XMLHttpRequest: Using GET on a local file is dangerous and will be disabled by default in a future Qt version.Set QML_XHR_ALLOW_FILE_READ to 1 if you wish to continue using this feature.
QWARN  : qmltestrunner::MochaDSTests::test_markdown_editor() XMLHttpRequest: Using GET on a local file is dangerous and will be disabled by default in a future Qt version.Set QML_XHR_ALLOW_FILE_READ to 1 if you wish to continue using this feature.
QWARN  : qmltestrunner::MochaDSTests::test_markdown_editor() XMLHttpRequest: Using GET on a local file is dangerous and will be disabled by default in a future Qt version.Set QML_XHR_ALLOW_FILE_READ to 1 if you wish to continue using this feature.
QWARN  : qmltestrunner::MochaDSTests::test_markdown_editor() XMLHttpRequest: Using GET on a local file is dangerous and will be disabled by default in a future Qt version.Set QML_XHR_ALLOW_FILE_READ to 1 if you wish to continue using this feature.
QWARN  : qmltestrunner::MochaDSTests::test_markdown_editor() XMLHttpRequest: Using GET on a local file is dangerous and will be disabled by default in a future Qt version.Set QML_XHR_ALLOW_FILE_READ to 1 if you wish to continue using this feature.
QWARN  : qmltestrunner::MochaDSTests::test_markdown_editor() XMLHttpRequest: Using GET on a local file is dangerous and will be disabled by default in a future Qt version.Set QML_XHR_ALLOW_FILE_READ to 1 if you wish to continue using this feature.
QWARN  : qmltestrunner::MochaDSTests::test_markdown_editor() XMLHttpRequest: Using GET on a local file is dangerous and will be disabled by default in a future Qt version.Set QML_XHR_ALLOW_FILE_READ to 1 if you wish to continue using this feature.
QWARN  : qmltestrunner::MochaDSTests::test_markdown_editor() XMLHttpRequest: Using GET on a local file is dangerous and will be disabled by default in a future Qt version.Set QML_XHR_ALLOW_FILE_READ to 1 if you wish to continue using this feature.
QWARN  : qmltestrunner::MochaDSTests::test_markdown_editor() XMLHttpRequest: Using GET on a local file is dangerous and will be disabled by default in a future Qt version.Set QML_XHR_ALLOW_FILE_READ to 1 if you wish to continue using this feature.
QWARN  : qmltestrunner::MochaDSTests::test_markdown_editor() XMLHttpRequest: Using GET on a local file is dangerous and will be disabled by default in a future Qt version.Set QML_XHR_ALLOW_FILE_READ to 1 if you wish to continue using this feature.
QWARN  : qmltestrunner::MochaDSTests::test_markdown_editor() XMLHttpRequest: Using GET on a local file is dangerous and will be disabled by default in a future Qt version.Set QML_XHR_ALLOW_FILE_READ to 1 if you wish to continue using this feature.
QWARN  : qmltestrunner::MochaDSTests::test_markdown_editor() XMLHttpRequest: Using GET on a local file is dangerous and will be disabled by default in a future Qt version.Set QML_XHR_ALLOW_FILE_READ to 1 if you wish to continue using this feature.
QWARN  : qmltestrunner::MochaDSTests::test_markdown_editor() XMLHttpRequest: Using GET on a local file is dangerous and will be disabled by default in a future Qt version.Set QML_XHR_ALLOW_FILE_READ to 1 if you wish to continue using this feature.
QWARN  : qmltestrunner::MochaDSTests::test_markdown_editor() XMLHttpRequest: Using GET on a local file is dangerous and will be disabled by default in a future Qt version.Set QML_XHR_ALLOW_FILE_READ to 1 if you wish to continue using this feature.
QWARN  : qmltestrunner::MochaDSTests::test_markdown_editor() XMLHttpRequest: Using GET on a local file is dangerous and will be disabled by default in a future Qt version.Set QML_XHR_ALLOW_FILE_READ to 1 if you wish to continue using this feature.
QWARN  : qmltestrunner::MochaDSTests::test_markdown_editor() XMLHttpRequest: Using GET on a local file is dangerous and will be disabled by default in a future Qt version.Set QML_XHR_ALLOW_FILE_READ to 1 if you wish to continue using this feature.
QWARN  : qmltestrunner::MochaDSTests::test_markdown_editor() XMLHttpRequest: Using GET on a local file is dangerous and will be disabled by default in a future Qt version.Set QML_XHR_ALLOW_FILE_READ to 1 if you wish to continue using this feature.
QWARN  : qmltestrunner::MochaDSTests::test_markdown_editor() XMLHttpRequest: Using GET on a local file is dangerous and will be disabled by default in a future Qt version.Set QML_XHR_ALLOW_FILE_READ to 1 if you wish to continue using this feature.
QWARN  : qmltestrunner::MochaDSTests::test_markdown_editor() XMLHttpRequest: Using GET on a local file is dangerous and will be disabled by default in a future Qt version.Set QML_XHR_ALLOW_FILE_READ to 1 if you wish to continue using this feature.
QWARN  : qmltestrunner::MochaDSTests::test_markdown_editor() XMLHttpRequest: Using GET on a local file is dangerous and will be disabled by default in a future Qt version.Set QML_XHR_ALLOW_FILE_READ to 1 if you wish to continue using this feature.
QWARN  : qmltestrunner::MochaDSTests::test_markdown_editor() XMLHttpRequest: Using GET on a local file is dangerous and will be disabled by default in a future Qt version.Set QML_XHR_ALLOW_FILE_READ to 1 if you wish to continue using this feature.
QWARN  : qmltestrunner::MochaDSTests::test_markdown_editor() XMLHttpRequest: Using GET on a local file is dangerous and will be disabled by default in a future Qt version.Set QML_XHR_ALLOW_FILE_READ to 1 if you wish to continue using this feature.
QWARN  : qmltestrunner::MochaDSTests::test_markdown_editor() XMLHttpRequest: Using GET on a local file is dangerous and will be disabled by default in a future Qt version.Set QML_XHR_ALLOW_FILE_READ to 1 if you wish to continue using this feature.
QWARN  : qmltestrunner::MochaDSTests::test_markdown_editor() XMLHttpRequest: Using GET on a local file is dangerous and will be disabled by default in a future Qt version.Set QML_XHR_ALLOW_FILE_READ to 1 if you wish to continue using this feature.
QWARN  : qmltestrunner::MochaDSTests::test_markdown_editor() XMLHttpRequest: Using GET on a local file is dangerous and will be disabled by default in a future Qt version.Set QML_XHR_ALLOW_FILE_READ to 1 if you wish to continue using this feature.
QWARN  : qmltestrunner::MochaDSTests::test_markdown_editor() XMLHttpRequest: Using GET on a local file is dangerous and will be disabled by default in a future Qt version.Set QML_XHR_ALLOW_FILE_READ to 1 if you wish to continue using this feature.
QWARN  : qmltestrunner::MochaDSTests::test_markdown_editor() XMLHttpRequest: Using GET on a local file is dangerous and will be disabled by default in a future Qt version.Set QML_XHR_ALLOW_FILE_READ to 1 if you wish to continue using this feature.
QWARN  : qmltestrunner::MochaDSTests::test_markdown_editor() XMLHttpRequest: Using GET on a local file is dangerous and will be disabled by default in a future Qt version.Set QML_XHR_ALLOW_FILE_READ to 1 if you wish to continue using this feature.
QWARN  : qmltestrunner::MochaDSTests::test_markdown_editor() XMLHttpRequest: Using GET on a local file is dangerous and will be disabled by default in a future Qt version.Set QML_XHR_ALLOW_FILE_READ to 1 if you wish to continue using this feature.
QWARN  : qmltestrunner::MochaDSTests::test_markdown_editor() XMLHttpRequest: Using GET on a local file is dangerous and will be disabled by default in a future Qt version.Set QML_XHR_ALLOW_FILE_READ to 1 if you wish to continue using this feature.
QWARN  : qmltestrunner::MochaDSTests::test_markdown_editor() XMLHttpRequest: Using GET on a local file is dangerous and will be disabled by default in a future Qt version.Set QML_XHR_ALLOW_FILE_READ to 1 if you wish to continue using this feature.
QWARN  : qmltestrunner::MochaDSTests::test_markdown_editor() XMLHttpRequest: Using GET on a local file is dangerous and will be disabled by default in a future Qt version.Set QML_XHR_ALLOW_FILE_READ to 1 if you wish to continue using this feature.
QWARN  : qmltestrunner::MochaDSTests::test_markdown_editor() XMLHttpRequest: Using GET on a local file is dangerous and will be disabled by default in a future Qt version.Set QML_XHR_ALLOW_FILE_READ to 1 if you wish to continue using this feature.
QWARN  : qmltestrunner::MochaDSTests::test_markdown_editor() XMLHttpRequest: Using GET on a local file is dangerous and will be disabled by default in a future Qt version.Set QML_XHR_ALLOW_FILE_READ to 1 if you wish to continue using this feature.
QWARN  : qmltestrunner::MochaDSTests::test_markdown_editor() XMLHttpRequest: Using GET on a local file is dangerous and will be disabled by default in a future Qt version.Set QML_XHR_ALLOW_FILE_READ to 1 if you wish to continue using this feature.
QWARN  : qmltestrunner::MochaDSTests::test_markdown_editor() XMLHttpRequest: Using GET on a local file is dangerous and will be disabled by default in a future Qt version.Set QML_XHR_ALLOW_FILE_READ to 1 if you wish to continue using this feature.
QWARN  : qmltestrunner::MochaDSTests::test_markdown_editor() XMLHttpRequest: Using GET on a local file is dangerous and will be disabled by default in a future Qt version.Set QML_XHR_ALLOW_FILE_READ to 1 if you wish to continue using this feature.
QWARN  : qmltestrunner::MochaDSTests::test_markdown_editor() XMLHttpRequest: Using GET on a local file is dangerous and will be disabled by default in a future Qt version.Set QML_XHR_ALLOW_FILE_READ to 1 if you wish to continue using this feature.
QWARN  : qmltestrunner::MochaDSTests::test_markdown_editor() XMLHttpRequest: Using GET on a local file is dangerous and will be disabled by default in a future Qt version.Set QML_XHR_ALLOW_FILE_READ to 1 if you wish to continue using this feature.
QWARN  : qmltestrunner::MochaDSTests::test_markdown_editor() XMLHttpRequest: Using GET on a local file is dangerous and will be disabled by default in a future Qt version.Set QML_XHR_ALLOW_FILE_READ to 1 if you wish to continue using this feature.
QWARN  : qmltestrunner::MochaDSTests::test_markdown_editor() XMLHttpRequest: Using GET on a local file is dangerous and will be disabled by default in a future Qt version.Set QML_XHR_ALLOW_FILE_READ to 1 if you wish to continue using this feature.
QWARN  : qmltestrunner::MochaDSTests::test_markdown_editor() XMLHttpRequest: Using GET on a local file is dangerous and will be disabled by default in a future Qt version.Set QML_XHR_ALLOW_FILE_READ to 1 if you wish to continue using this feature.
QWARN  : qmltestrunner::MochaDSTests::test_markdown_editor() XMLHttpRequest: Using GET on a local file is dangerous and will be disabled by default in a future Qt version.Set QML_XHR_ALLOW_FILE_READ to 1 if you wish to continue using this feature.
QWARN  : qmltestrunner::MochaDSTests::test_markdown_editor() XMLHttpRequest: Using GET on a local file is dangerous and will be disabled by default in a future Qt version.Set QML_XHR_ALLOW_FILE_READ to 1 if you wish to continue using this feature.
QWARN  : qmltestrunner::MochaDSTests::test_markdown_editor() XMLHttpRequest: Using GET on a local file is dangerous and will be disabled by default in a future Qt version.Set QML_XHR_ALLOW_FILE_READ to 1 if you wish to continue using this feature.
QWARN  : qmltestrunner::MochaDSTests::test_markdown_editor() XMLHttpRequest: Using GET on a local file is dangerous and will be disabled by default in a future Qt version.Set QML_XHR_ALLOW_FILE_READ to 1 if you wish to continue using this feature.
FAIL!  : qmltestrunner::MochaDSTests::test_markdown_editor() Compared values are not the same
   Actual   (): split
   Expected (): edit
   Loc: [/home/savunma/.gemini/antigravity/scratch/mocha-ds/test/tst_mocha_ds.qml(1200)]
QWARN  : qmltestrunner::MochaDSTests::test_modal_creation() XMLHttpRequest: Using GET on a local file is dangerous and will be disabled by default in a future Qt version.Set QML_XHR_ALLOW_FILE_READ to 1 if you wish to continue using this feature.
QWARN  : qmltestrunner::MochaDSTests::test_modal_creation() XMLHttpRequest: Using GET on a local file is dangerous and will be disabled by default in a future Qt version.Set QML_XHR_ALLOW_FILE_READ to 1 if you wish to continue using this feature.
QWARN  : qmltestrunner::MochaDSTests::test_modal_creation() XMLHttpRequest: Using GET on a local file is dangerous and will be disabled by default in a future Qt version.Set QML_XHR_ALLOW_FILE_READ to 1 if you wish to continue using this feature.
QWARN  : qmltestrunner::MochaDSTests::test_modal_creation() XMLHttpRequest: Using GET on a local file is dangerous and will be disabled by default in a future Qt version.Set QML_XHR_ALLOW_FILE_READ to 1 if you wish to continue using this feature.
QWARN  : qmltestrunner::MochaDSTests::test_modal_creation() XMLHttpRequest: Using GET on a local file is dangerous and will be disabled by default in a future Qt version.Set QML_XHR_ALLOW_FILE_READ to 1 if you wish to continue using this feature.
QWARN  : qmltestrunner::MochaDSTests::test_modal_creation() XMLHttpRequest: Using GET on a local file is dangerous and will be disabled by default in a future Qt version.Set QML_XHR_ALLOW_FILE_READ to 1 if you wish to continue using this feature.
PASS   : qmltestrunner::MochaDSTests::test_modal_creation()
QWARN  : qmltestrunner::MochaDSTests::test_modal_sizes() XMLHttpRequest: Using GET on a local file is dangerous and will be disabled by default in a future Qt version.Set QML_XHR_ALLOW_FILE_READ to 1 if you wish to continue using this feature.
QWARN  : qmltestrunner::MochaDSTests::test_modal_sizes() XMLHttpRequest: Using GET on a local file is dangerous and will be disabled by default in a future Qt version.Set QML_XHR_ALLOW_FILE_READ to 1 if you wish to continue using this feature.
QWARN  : qmltestrunner::MochaDSTests::test_modal_sizes() XMLHttpRequest: Using GET on a local file is dangerous and will be disabled by default in a future Qt version.Set QML_XHR_ALLOW_FILE_READ to 1 if you wish to continue using this feature.
QWARN  : qmltestrunner::MochaDSTests::test_modal_sizes() XMLHttpRequest: Using GET on a local file is dangerous and will be disabled by default in a future Qt version.Set QML_XHR_ALLOW_FILE_READ to 1 if you wish to continue using this feature.
QWARN  : qmltestrunner::MochaDSTests::test_modal_sizes() XMLHttpRequest: Using GET on a local file is dangerous and will be disabled by default in a future Qt version.Set QML_XHR_ALLOW_FILE_READ to 1 if you wish to continue using this feature.
QWARN  : qmltestrunner::MochaDSTests::test_modal_sizes() XMLHttpRequest: Using GET on a local file is dangerous and will be disabled by default in a future Qt version.Set QML_XHR_ALLOW_FILE_READ to 1 if you wish to continue using this feature.
QWARN  : qmltestrunner::MochaDSTests::test_modal_sizes() XMLHttpRequest: Using GET on a local file is dangerous and will be disabled by default in a future Qt version.Set QML_XHR_ALLOW_FILE_READ to 1 if you wish to continue using this feature.
QWARN  : qmltestrunner::MochaDSTests::test_modal_sizes() XMLHttpRequest: Using GET on a local file is dangerous and will be disabled by default in a future Qt version.Set QML_XHR_ALLOW_FILE_READ to 1 if you wish to continue using this feature.
QWARN  : qmltestrunner::MochaDSTests::test_modal_sizes() XMLHttpRequest: Using GET on a local file is dangerous and will be disabled by default in a future Qt version.Set QML_XHR_ALLOW_FILE_READ to 1 if you wish to continue using this feature.
QWARN  : qmltestrunner::MochaDSTests::test_modal_sizes() XMLHttpRequest: Using GET on a local file is dangerous and will be disabled by default in a future Qt version.Set QML_XHR_ALLOW_FILE_READ to 1 if you wish to continue using this feature.
QWARN  : qmltestrunner::MochaDSTests::test_modal_sizes() XMLHttpRequest: Using GET on a local file is dangerous and will be disabled by default in a future Qt version.Set QML_XHR_ALLOW_FILE_READ to 1 if you wish to continue using this feature.
QWARN  : qmltestrunner::MochaDSTests::test_modal_sizes() XMLHttpRequest: Using GET on a local file is dangerous and will be disabled by default in a future Qt version.Set QML_XHR_ALLOW_FILE_READ to 1 if you wish to continue using this feature.
QWARN  : qmltestrunner::MochaDSTests::test_modal_sizes() XMLHttpRequest: Using GET on a local file is dangerous and will be disabled by default in a future Qt version.Set QML_XHR_ALLOW_FILE_READ to 1 if you wish to continue using this feature.
QWARN  : qmltestrunner::MochaDSTests::test_modal_sizes() XMLHttpRequest: Using GET on a local file is dangerous and will be disabled by default in a future Qt version.Set QML_XHR_ALLOW_FILE_READ to 1 if you wish to continue using this feature.
QWARN  : qmltestrunner::MochaDSTests::test_modal_sizes() XMLHttpRequest: Using GET on a local file is dangerous and will be disabled by default in a future Qt version.Set QML_XHR_ALLOW_FILE_READ to 1 if you wish to continue using this feature.
QWARN  : qmltestrunner::MochaDSTests::test_modal_sizes() XMLHttpRequest: Using GET on a local file is dangerous and will be disabled by default in a future Qt version.Set QML_XHR_ALLOW_FILE_READ to 1 if you wish to continue using this feature.
QWARN  : qmltestrunner::MochaDSTests::test_modal_sizes() XMLHttpRequest: Using GET on a local file is dangerous and will be disabled by default in a future Qt version.Set QML_XHR_ALLOW_FILE_READ to 1 if you wish to continue using this feature.
QWARN  : qmltestrunner::MochaDSTests::test_modal_sizes() XMLHttpRequest: Using GET on a local file is dangerous and will be disabled by default in a future Qt version.Set QML_XHR_ALLOW_FILE_READ to 1 if you wish to continue using this feature.
PASS   : qmltestrunner::MochaDSTests::test_modal_sizes()
QWARN  : qmltestrunner::MochaDSTests::test_paginator() XMLHttpRequest: Using GET on a local file is dangerous and will be disabled by default in a future Qt version.Set QML_XHR_ALLOW_FILE_READ to 1 if you wish to continue using this feature.
QWARN  : qmltestrunner::MochaDSTests::test_paginator() XMLHttpRequest: Using GET on a local file is dangerous and will be disabled by default in a future Qt version.Set QML_XHR_ALLOW_FILE_READ to 1 if you wish to continue using this feature.
QWARN  : qmltestrunner::MochaDSTests::test_paginator() XMLHttpRequest: Using GET on a local file is dangerous and will be disabled by default in a future Qt version.Set QML_XHR_ALLOW_FILE_READ to 1 if you wish to continue using this feature.
QWARN  : qmltestrunner::MochaDSTests::test_paginator() XMLHttpRequest: Using GET on a local file is dangerous and will be disabled by default in a future Qt version.Set QML_XHR_ALLOW_FILE_READ to 1 if you wish to continue using this feature.
QWARN  : qmltestrunner::MochaDSTests::test_paginator() XMLHttpRequest: Using GET on a local file is dangerous and will be disabled by default in a future Qt version.Set QML_XHR_ALLOW_FILE_READ to 1 if you wish to continue using this feature.
QWARN  : qmltestrunner::MochaDSTests::test_paginator() XMLHttpRequest: Using GET on a local file is dangerous and will be disabled by default in a future Qt version.Set QML_XHR_ALLOW_FILE_READ to 1 if you wish to continue using this feature.
QWARN  : qmltestrunner::MochaDSTests::test_paginator() XMLHttpRequest: Using GET on a local file is dangerous and will be disabled by default in a future Qt version.Set QML_XHR_ALLOW_FILE_READ to 1 if you wish to continue using this feature.
QWARN  : qmltestrunner::MochaDSTests::test_paginator() XMLHttpRequest: Using GET on a local file is dangerous and will be disabled by default in a future Qt version.Set QML_XHR_ALLOW_FILE_READ to 1 if you wish to continue using this feature.
QWARN  : qmltestrunner::MochaDSTests::test_paginator() XMLHttpRequest: Using GET on a local file is dangerous and will be disabled by default in a future Qt version.Set QML_XHR_ALLOW_FILE_READ to 1 if you wish to continue using this feature.
QWARN  : qmltestrunner::MochaDSTests::test_paginator() XMLHttpRequest: Using GET on a local file is dangerous and will be disabled by default in a future Qt version.Set QML_XHR_ALLOW_FILE_READ to 1 if you wish to continue using this feature.
QWARN  : qmltestrunner::MochaDSTests::test_paginator() XMLHttpRequest: Using GET on a local file is dangerous and will be disabled by default in a future Qt version.Set QML_XHR_ALLOW_FILE_READ to 1 if you wish to continue using this feature.
QWARN  : qmltestrunner::MochaDSTests::test_paginator() XMLHttpRequest: Using GET on a local file is dangerous and will be disabled by default in a future Qt version.Set QML_XHR_ALLOW_FILE_READ to 1 if you wish to continue using this feature.
QWARN  : qmltestrunner::MochaDSTests::test_paginator() XMLHttpRequest: Using GET on a local file is dangerous and will be disabled by default in a future Qt version.Set QML_XHR_ALLOW_FILE_READ to 1 if you wish to continue using this feature.
QWARN  : qmltestrunner::MochaDSTests::test_paginator() XMLHttpRequest: Using GET on a local file is dangerous and will be disabled by default in a future Qt version.Set QML_XHR_ALLOW_FILE_READ to 1 if you wish to continue using this feature.
QWARN  : qmltestrunner::MochaDSTests::test_paginator() XMLHttpRequest: Using GET on a local file is dangerous and will be disabled by default in a future Qt version.Set QML_XHR_ALLOW_FILE_READ to 1 if you wish to continue using this feature.
QWARN  : qmltestrunner::MochaDSTests::test_paginator() XMLHttpRequest: Using GET on a local file is dangerous and will be disabled by default in a future Qt version.Set QML_XHR_ALLOW_FILE_READ to 1 if you wish to continue using this feature.
QWARN  : qmltestrunner::MochaDSTests::test_paginator() XMLHttpRequest: Using GET on a local file is dangerous and will be disabled by default in a future Qt version.Set QML_XHR_ALLOW_FILE_READ to 1 if you wish to continue using this feature.
QWARN  : qmltestrunner::MochaDSTests::test_paginator() XMLHttpRequest: Using GET on a local file is dangerous and will be disabled by default in a future Qt version.Set QML_XHR_ALLOW_FILE_READ to 1 if you wish to continue using this feature.
QWARN  : qmltestrunner::MochaDSTests::test_paginator() XMLHttpRequest: Using GET on a local file is dangerous and will be disabled by default in a future Qt version.Set QML_XHR_ALLOW_FILE_READ to 1 if you wish to continue using this feature.
QWARN  : qmltestrunner::MochaDSTests::test_paginator() XMLHttpRequest: Using GET on a local file is dangerous and will be disabled by default in a future Qt version.Set QML_XHR_ALLOW_FILE_READ to 1 if you wish to continue using this feature.
QWARN  : qmltestrunner::MochaDSTests::test_paginator() XMLHttpRequest: Using GET on a local file is dangerous and will be disabled by default in a future Qt version.Set QML_XHR_ALLOW_FILE_READ to 1 if you wish to continue using this feature.
QWARN  : qmltestrunner::MochaDSTests::test_paginator() XMLHttpRequest: Using GET on a local file is dangerous and will be disabled by default in a future Qt version.Set QML_XHR_ALLOW_FILE_READ to 1 if you wish to continue using this feature.
QWARN  : qmltestrunner::MochaDSTests::test_paginator() XMLHttpRequest: Using GET on a local file is dangerous and will be disabled by default in a future Qt version.Set QML_XHR_ALLOW_FILE_READ to 1 if you wish to continue using this feature.
QWARN  : qmltestrunner::MochaDSTests::test_paginator() XMLHttpRequest: Using GET on a local file is dangerous and will be disabled by default in a future Qt version.Set QML_XHR_ALLOW_FILE_READ to 1 if you wish to continue using this feature.
QWARN  : qmltestrunner::MochaDSTests::test_paginator() XMLHttpRequest: Using GET on a local file is dangerous and will be disabled by default in a future Qt version.Set QML_XHR_ALLOW_FILE_READ to 1 if you wish to continue using this feature.
QWARN  : qmltestrunner::MochaDSTests::test_paginator() XMLHttpRequest: Using GET on a local file is dangerous and will be disabled by default in a future Qt version.Set QML_XHR_ALLOW_FILE_READ to 1 if you wish to continue using this feature.
QWARN  : qmltestrunner::MochaDSTests::test_paginator() XMLHttpRequest: Using GET on a local file is dangerous and will be disabled by default in a future Qt version.Set QML_XHR_ALLOW_FILE_READ to 1 if you wish to continue using this feature.
QWARN  : qmltestrunner::MochaDSTests::test_paginator() XMLHttpRequest: Using GET on a local file is dangerous and will be disabled by default in a future Qt version.Set QML_XHR_ALLOW_FILE_READ to 1 if you wish to continue using this feature.
QWARN  : qmltestrunner::MochaDSTests::test_paginator() XMLHttpRequest: Using GET on a local file is dangerous and will be disabled by default in a future Qt version.Set QML_XHR_ALLOW_FILE_READ to 1 if you wish to continue using this feature.
QWARN  : qmltestrunner::MochaDSTests::test_paginator() XMLHttpRequest: Using GET on a local file is dangerous and will be disabled by default in a future Qt version.Set QML_XHR_ALLOW_FILE_READ to 1 if you wish to continue using this feature.
QWARN  : qmltestrunner::MochaDSTests::test_paginator() XMLHttpRequest: Using GET on a local file is dangerous and will be disabled by default in a future Qt version.Set QML_XHR_ALLOW_FILE_READ to 1 if you wish to continue using this feature.
QWARN  : qmltestrunner::MochaDSTests::test_paginator() XMLHttpRequest: Using GET on a local file is dangerous and will be disabled by default in a future Qt version.Set QML_XHR_ALLOW_FILE_READ to 1 if you wish to continue using this feature.
QWARN  : qmltestrunner::MochaDSTests::test_paginator() XMLHttpRequest: Using GET on a local file is dangerous and will be disabled by default in a future Qt version.Set QML_XHR_ALLOW_FILE_READ to 1 if you wish to continue using this feature.
QWARN  : qmltestrunner::MochaDSTests::test_paginator() XMLHttpRequest: Using GET on a local file is dangerous and will be disabled by default in a future Qt version.Set QML_XHR_ALLOW_FILE_READ to 1 if you wish to continue using this feature.
QWARN  : qmltestrunner::MochaDSTests::test_paginator() XMLHttpRequest: Using GET on a local file is dangerous and will be disabled by default in a future Qt version.Set QML_XHR_ALLOW_FILE_READ to 1 if you wish to continue using this feature.
QWARN  : qmltestrunner::MochaDSTests::test_paginator() XMLHttpRequest: Using GET on a local file is dangerous and will be disabled by default in a future Qt version.Set QML_XHR_ALLOW_FILE_READ to 1 if you wish to continue using this feature.
QWARN  : qmltestrunner::MochaDSTests::test_paginator() XMLHttpRequest: Using GET on a local file is dangerous and will be disabled by default in a future Qt version.Set QML_XHR_ALLOW_FILE_READ to 1 if you wish to continue using this feature.
QWARN  : qmltestrunner::MochaDSTests::test_paginator() XMLHttpRequest: Using GET on a local file is dangerous and will be disabled by default in a future Qt version.Set QML_XHR_ALLOW_FILE_READ to 1 if you wish to continue using this feature.
QWARN  : qmltestrunner::MochaDSTests::test_paginator() XMLHttpRequest: Using GET on a local file is dangerous and will be disabled by default in a future Qt version.Set QML_XHR_ALLOW_FILE_READ to 1 if you wish to continue using this feature.
QWARN  : qmltestrunner::MochaDSTests::test_paginator() XMLHttpRequest: Using GET on a local file is dangerous and will be disabled by default in a future Qt version.Set QML_XHR_ALLOW_FILE_READ to 1 if you wish to continue using this feature.
QWARN  : qmltestrunner::MochaDSTests::test_paginator() XMLHttpRequest: Using GET on a local file is dangerous and will be disabled by default in a future Qt version.Set QML_XHR_ALLOW_FILE_READ to 1 if you wish to continue using this feature.
QWARN  : qmltestrunner::MochaDSTests::test_paginator() XMLHttpRequest: Using GET on a local file is dangerous and will be disabled by default in a future Qt version.Set QML_XHR_ALLOW_FILE_READ to 1 if you wish to continue using this feature.
QWARN  : qmltestrunner::MochaDSTests::test_paginator() XMLHttpRequest: Using GET on a local file is dangerous and will be disabled by default in a future Qt version.Set QML_XHR_ALLOW_FILE_READ to 1 if you wish to continue using this feature.
QWARN  : qmltestrunner::MochaDSTests::test_paginator() XMLHttpRequest: Using GET on a local file is dangerous and will be disabled by default in a future Qt version.Set QML_XHR_ALLOW_FILE_READ to 1 if you wish to continue using this feature.
QWARN  : qmltestrunner::MochaDSTests::test_paginator() XMLHttpRequest: Using GET on a local file is dangerous and will be disabled by default in a future Qt version.Set QML_XHR_ALLOW_FILE_READ to 1 if you wish to continue using this feature.
QWARN  : qmltestrunner::MochaDSTests::test_paginator() XMLHttpRequest: Using GET on a local file is dangerous and will be disabled by default in a future Qt version.Set QML_XHR_ALLOW_FILE_READ to 1 if you wish to continue using this feature.
QWARN  : qmltestrunner::MochaDSTests::test_paginator() XMLHttpRequest: Using GET on a local file is dangerous and will be disabled by default in a future Qt version.Set QML_XHR_ALLOW_FILE_READ to 1 if you wish to continue using this feature.
QWARN  : qmltestrunner::MochaDSTests::test_paginator() XMLHttpRequest: Using GET on a local file is dangerous and will be disabled by default in a future Qt version.Set QML_XHR_ALLOW_FILE_READ to 1 if you wish to continue using this feature.
QWARN  : qmltestrunner::MochaDSTests::test_paginator() XMLHttpRequest: Using GET on a local file is dangerous and will be disabled by default in a future Qt version.Set QML_XHR_ALLOW_FILE_READ to 1 if you wish to continue using this feature.
QWARN  : qmltestrunner::MochaDSTests::test_paginator() XMLHttpRequest: Using GET on a local file is dangerous and will be disabled by default in a future Qt version.Set QML_XHR_ALLOW_FILE_READ to 1 if you wish to continue using this feature.
QWARN  : qmltestrunner::MochaDSTests::test_paginator() XMLHttpRequest: Using GET on a local file is dangerous and will be disabled by default in a future Qt version.Set QML_XHR_ALLOW_FILE_READ to 1 if you wish to continue using this feature.
QWARN  : qmltestrunner::MochaDSTests::test_paginator() XMLHttpRequest: Using GET on a local file is dangerous and will be disabled by default in a future Qt version.Set QML_XHR_ALLOW_FILE_READ to 1 if you wish to continue using this feature.
QWARN  : qmltestrunner::MochaDSTests::test_paginator() XMLHttpRequest: Using GET on a local file is dangerous and will be disabled by default in a future Qt version.Set QML_XHR_ALLOW_FILE_READ to 1 if you wish to continue using this feature.
QWARN  : qmltestrunner::MochaDSTests::test_paginator() XMLHttpRequest: Using GET on a local file is dangerous and will be disabled by default in a future Qt version.Set QML_XHR_ALLOW_FILE_READ to 1 if you wish to continue using this feature.
PASS   : qmltestrunner::MochaDSTests::test_paginator()
PASS   : qmltestrunner::MochaDSTests::test_pininput_clear()
PASS   : qmltestrunner::MochaDSTests::test_pininput_completed_signal()
PASS   : qmltestrunner::MochaDSTests::test_pininput_creation()
PASS   : qmltestrunner::MochaDSTests::test_pininput_custom_props()
PASS   : qmltestrunner::MochaDSTests::test_pininput_text_sync()
PASS   : qmltestrunner::MochaDSTests::test_range_selector()
QWARN  : qmltestrunner::MochaDSTests::test_select() XMLHttpRequest: Using GET on a local file is dangerous and will be disabled by default in a future Qt version.Set QML_XHR_ALLOW_FILE_READ to 1 if you wish to continue using this feature.
QWARN  : qmltestrunner::MochaDSTests::test_select() XMLHttpRequest: Using GET on a local file is dangerous and will be disabled by default in a future Qt version.Set QML_XHR_ALLOW_FILE_READ to 1 if you wish to continue using this feature.
QWARN  : qmltestrunner::MochaDSTests::test_select() XMLHttpRequest: Using GET on a local file is dangerous and will be disabled by default in a future Qt version.Set QML_XHR_ALLOW_FILE_READ to 1 if you wish to continue using this feature.
PASS   : qmltestrunner::MochaDSTests::test_select()
QWARN  : qmltestrunner::MochaDSTests::test_select_tree() XMLHttpRequest: Using GET on a local file is dangerous and will be disabled by default in a future Qt version.Set QML_XHR_ALLOW_FILE_READ to 1 if you wish to continue using this feature.
QWARN  : qmltestrunner::MochaDSTests::test_select_tree() XMLHttpRequest: Using GET on a local file is dangerous and will be disabled by default in a future Qt version.Set QML_XHR_ALLOW_FILE_READ to 1 if you wish to continue using this feature.
QWARN  : qmltestrunner::MochaDSTests::test_select_tree() XMLHttpRequest: Using GET on a local file is dangerous and will be disabled by default in a future Qt version.Set QML_XHR_ALLOW_FILE_READ to 1 if you wish to continue using this feature.
QWARN  : qmltestrunner::MochaDSTests::test_select_tree() XMLHttpRequest: Using GET on a local file is dangerous and will be disabled by default in a future Qt version.Set QML_XHR_ALLOW_FILE_READ to 1 if you wish to continue using this feature.
QWARN  : qmltestrunner::MochaDSTests::test_select_tree() XMLHttpRequest: Using GET on a local file is dangerous and will be disabled by default in a future Qt version.Set QML_XHR_ALLOW_FILE_READ to 1 if you wish to continue using this feature.
QWARN  : qmltestrunner::MochaDSTests::test_select_tree() XMLHttpRequest: Using GET on a local file is dangerous and will be disabled by default in a future Qt version.Set QML_XHR_ALLOW_FILE_READ to 1 if you wish to continue using this feature.
QWARN  : qmltestrunner::MochaDSTests::test_select_tree() XMLHttpRequest: Using GET on a local file is dangerous and will be disabled by default in a future Qt version.Set QML_XHR_ALLOW_FILE_READ to 1 if you wish to continue using this feature.
QWARN  : qmltestrunner::MochaDSTests::test_select_tree() XMLHttpRequest: Using GET on a local file is dangerous and will be disabled by default in a future Qt version.Set QML_XHR_ALLOW_FILE_READ to 1 if you wish to continue using this feature.
QWARN  : qmltestrunner::MochaDSTests::test_select_tree() XMLHttpRequest: Using GET on a local file is dangerous and will be disabled by default in a future Qt version.Set QML_XHR_ALLOW_FILE_READ to 1 if you wish to continue using this feature.
PASS   : qmltestrunner::MochaDSTests::test_select_tree()
QWARN  : qmltestrunner::MochaDSTests::test_shell_responsiveness() XMLHttpRequest: Using GET on a local file is dangerous and will be disabled by default in a future Qt version.Set QML_XHR_ALLOW_FILE_READ to 1 if you wish to continue using this feature.
QWARN  : qmltestrunner::MochaDSTests::test_shell_responsiveness() XMLHttpRequest: Using GET on a local file is dangerous and will be disabled by default in a future Qt version.Set QML_XHR_ALLOW_FILE_READ to 1 if you wish to continue using this feature.
QWARN  : qmltestrunner::MochaDSTests::test_shell_responsiveness() XMLHttpRequest: Using GET on a local file is dangerous and will be disabled by default in a future Qt version.Set QML_XHR_ALLOW_FILE_READ to 1 if you wish to continue using this feature.
QWARN  : qmltestrunner::MochaDSTests::test_shell_responsiveness() XMLHttpRequest: Using GET on a local file is dangerous and will be disabled by default in a future Qt version.Set QML_XHR_ALLOW_FILE_READ to 1 if you wish to continue using this feature.
QWARN  : qmltestrunner::MochaDSTests::test_shell_responsiveness() XMLHttpRequest: Using GET on a local file is dangerous and will be disabled by default in a future Qt version.Set QML_XHR_ALLOW_FILE_READ to 1 if you wish to continue using this feature.
QWARN  : qmltestrunner::MochaDSTests::test_shell_responsiveness() XMLHttpRequest: Using GET on a local file is dangerous and will be disabled by default in a future Qt version.Set QML_XHR_ALLOW_FILE_READ to 1 if you wish to continue using this feature.
QWARN  : qmltestrunner::MochaDSTests::test_shell_responsiveness() XMLHttpRequest: Using GET on a local file is dangerous and will be disabled by default in a future Qt version.Set QML_XHR_ALLOW_FILE_READ to 1 if you wish to continue using this feature.
QWARN  : qmltestrunner::MochaDSTests::test_shell_responsiveness() XMLHttpRequest: Using GET on a local file is dangerous and will be disabled by default in a future Qt version.Set QML_XHR_ALLOW_FILE_READ to 1 if you wish to continue using this feature.
QWARN  : qmltestrunner::MochaDSTests::test_shell_responsiveness() XMLHttpRequest: Using GET on a local file is dangerous and will be disabled by default in a future Qt version.Set QML_XHR_ALLOW_FILE_READ to 1 if you wish to continue using this feature.
QWARN  : qmltestrunner::MochaDSTests::test_shell_responsiveness() XMLHttpRequest: Using GET on a local file is dangerous and will be disabled by default in a future Qt version.Set QML_XHR_ALLOW_FILE_READ to 1 if you wish to continue using this feature.
QWARN  : qmltestrunner::MochaDSTests::test_shell_responsiveness() XMLHttpRequest: Using GET on a local file is dangerous and will be disabled by default in a future Qt version.Set QML_XHR_ALLOW_FILE_READ to 1 if you wish to continue using this feature.
QWARN  : qmltestrunner::MochaDSTests::test_shell_responsiveness() XMLHttpRequest: Using GET on a local file is dangerous and will be disabled by default in a future Qt version.Set QML_XHR_ALLOW_FILE_READ to 1 if you wish to continue using this feature.
PASS   : qmltestrunner::MochaDSTests::test_shell_responsiveness()
PASS   : qmltestrunner::MochaDSTests::test_sidebar_creation_and_variants()
QWARN  : qmltestrunner::MochaDSTests::test_sidebar_header_and_footer_properties() XMLHttpRequest: Using GET on a local file is dangerous and will be disabled by default in a future Qt version.Set QML_XHR_ALLOW_FILE_READ to 1 if you wish to continue using this feature.
QWARN  : qmltestrunner::MochaDSTests::test_sidebar_header_and_footer_properties() XMLHttpRequest: Using GET on a local file is dangerous and will be disabled by default in a future Qt version.Set QML_XHR_ALLOW_FILE_READ to 1 if you wish to continue using this feature.
QWARN  : qmltestrunner::MochaDSTests::test_sidebar_header_and_footer_properties() XMLHttpRequest: Using GET on a local file is dangerous and will be disabled by default in a future Qt version.Set QML_XHR_ALLOW_FILE_READ to 1 if you wish to continue using this feature.
QWARN  : qmltestrunner::MochaDSTests::test_sidebar_header_and_footer_properties() XMLHttpRequest: Using GET on a local file is dangerous and will be disabled by default in a future Qt version.Set QML_XHR_ALLOW_FILE_READ to 1 if you wish to continue using this feature.
QWARN  : qmltestrunner::MochaDSTests::test_sidebar_header_and_footer_properties() XMLHttpRequest: Using GET on a local file is dangerous and will be disabled by default in a future Qt version.Set QML_XHR_ALLOW_FILE_READ to 1 if you wish to continue using this feature.
QWARN  : qmltestrunner::MochaDSTests::test_sidebar_header_and_footer_properties() XMLHttpRequest: Using GET on a local file is dangerous and will be disabled by default in a future Qt version.Set QML_XHR_ALLOW_FILE_READ to 1 if you wish to continue using this feature.
PASS   : qmltestrunner::MochaDSTests::test_sidebar_header_and_footer_properties()
PASS   : qmltestrunner::MochaDSTests::test_sidebar_hover_expand_logic()
QWARN  : qmltestrunner::MochaDSTests::test_sidebar_item_states() XMLHttpRequest: Using GET on a local file is dangerous and will be disabled by default in a future Qt version.Set QML_XHR_ALLOW_FILE_READ to 1 if you wish to continue using this feature.
QWARN  : qmltestrunner::MochaDSTests::test_sidebar_item_states() XMLHttpRequest: Using GET on a local file is dangerous and will be disabled by default in a future Qt version.Set QML_XHR_ALLOW_FILE_READ to 1 if you wish to continue using this feature.
QWARN  : qmltestrunner::MochaDSTests::test_sidebar_item_states() XMLHttpRequest: Using GET on a local file is dangerous and will be disabled by default in a future Qt version.Set QML_XHR_ALLOW_FILE_READ to 1 if you wish to continue using this feature.
QWARN  : qmltestrunner::MochaDSTests::test_sidebar_item_states() XMLHttpRequest: Using GET on a local file is dangerous and will be disabled by default in a future Qt version.Set QML_XHR_ALLOW_FILE_READ to 1 if you wish to continue using this feature.
QWARN  : qmltestrunner::MochaDSTests::test_sidebar_item_states() XMLHttpRequest: Using GET on a local file is dangerous and will be disabled by default in a future Qt version.Set QML_XHR_ALLOW_FILE_READ to 1 if you wish to continue using this feature.
QWARN  : qmltestrunner::MochaDSTests::test_sidebar_item_states() XMLHttpRequest: Using GET on a local file is dangerous and will be disabled by default in a future Qt version.Set QML_XHR_ALLOW_FILE_READ to 1 if you wish to continue using this feature.
QWARN  : qmltestrunner::MochaDSTests::test_sidebar_item_states() XMLHttpRequest: Using GET on a local file is dangerous and will be disabled by default in a future Qt version.Set QML_XHR_ALLOW_FILE_READ to 1 if you wish to continue using this feature.
QWARN  : qmltestrunner::MochaDSTests::test_sidebar_item_states() XMLHttpRequest: Using GET on a local file is dangerous and will be disabled by default in a future Qt version.Set QML_XHR_ALLOW_FILE_READ to 1 if you wish to continue using this feature.
QWARN  : qmltestrunner::MochaDSTests::test_sidebar_item_states() XMLHttpRequest: Using GET on a local file is dangerous and will be disabled by default in a future Qt version.Set QML_XHR_ALLOW_FILE_READ to 1 if you wish to continue using this feature.
QWARN  : qmltestrunner::MochaDSTests::test_sidebar_item_states() XMLHttpRequest: Using GET on a local file is dangerous and will be disabled by default in a future Qt version.Set QML_XHR_ALLOW_FILE_READ to 1 if you wish to continue using this feature.
QWARN  : qmltestrunner::MochaDSTests::test_sidebar_item_states() XMLHttpRequest: Using GET on a local file is dangerous and will be disabled by default in a future Qt version.Set QML_XHR_ALLOW_FILE_READ to 1 if you wish to continue using this feature.
QWARN  : qmltestrunner::MochaDSTests::test_sidebar_item_states() XMLHttpRequest: Using GET on a local file is dangerous and will be disabled by default in a future Qt version.Set QML_XHR_ALLOW_FILE_READ to 1 if you wish to continue using this feature.
PASS   : qmltestrunner::MochaDSTests::test_sidebar_item_states()
QWARN  : qmltestrunner::MochaDSTests::test_table_creation() XMLHttpRequest: Using GET on a local file is dangerous and will be disabled by default in a future Qt version.Set QML_XHR_ALLOW_FILE_READ to 1 if you wish to continue using this feature.
QWARN  : qmltestrunner::MochaDSTests::test_table_creation() XMLHttpRequest: Using GET on a local file is dangerous and will be disabled by default in a future Qt version.Set QML_XHR_ALLOW_FILE_READ to 1 if you wish to continue using this feature.
QWARN  : qmltestrunner::MochaDSTests::test_table_creation() XMLHttpRequest: Using GET on a local file is dangerous and will be disabled by default in a future Qt version.Set QML_XHR_ALLOW_FILE_READ to 1 if you wish to continue using this feature.
QWARN  : qmltestrunner::MochaDSTests::test_table_creation() XMLHttpRequest: Using GET on a local file is dangerous and will be disabled by default in a future Qt version.Set QML_XHR_ALLOW_FILE_READ to 1 if you wish to continue using this feature.
QWARN  : qmltestrunner::MochaDSTests::test_table_creation() XMLHttpRequest: Using GET on a local file is dangerous and will be disabled by default in a future Qt version.Set QML_XHR_ALLOW_FILE_READ to 1 if you wish to continue using this feature.
QWARN  : qmltestrunner::MochaDSTests::test_table_creation() XMLHttpRequest: Using GET on a local file is dangerous and will be disabled by default in a future Qt version.Set QML_XHR_ALLOW_FILE_READ to 1 if you wish to continue using this feature.
QWARN  : qmltestrunner::MochaDSTests::test_table_creation() XMLHttpRequest: Using GET on a local file is dangerous and will be disabled by default in a future Qt version.Set QML_XHR_ALLOW_FILE_READ to 1 if you wish to continue using this feature.
QWARN  : qmltestrunner::MochaDSTests::test_table_creation() XMLHttpRequest: Using GET on a local file is dangerous and will be disabled by default in a future Qt version.Set QML_XHR_ALLOW_FILE_READ to 1 if you wish to continue using this feature.
QWARN  : qmltestrunner::MochaDSTests::test_table_creation() XMLHttpRequest: Using GET on a local file is dangerous and will be disabled by default in a future Qt version.Set QML_XHR_ALLOW_FILE_READ to 1 if you wish to continue using this feature.
QWARN  : qmltestrunner::MochaDSTests::test_table_creation() XMLHttpRequest: Using GET on a local file is dangerous and will be disabled by default in a future Qt version.Set QML_XHR_ALLOW_FILE_READ to 1 if you wish to continue using this feature.
QWARN  : qmltestrunner::MochaDSTests::test_table_creation() XMLHttpRequest: Using GET on a local file is dangerous and will be disabled by default in a future Qt version.Set QML_XHR_ALLOW_FILE_READ to 1 if you wish to continue using this feature.
QWARN  : qmltestrunner::MochaDSTests::test_table_creation() XMLHttpRequest: Using GET on a local file is dangerous and will be disabled by default in a future Qt version.Set QML_XHR_ALLOW_FILE_READ to 1 if you wish to continue using this feature.
QWARN  : qmltestrunner::MochaDSTests::test_table_creation() XMLHttpRequest: Using GET on a local file is dangerous and will be disabled by default in a future Qt version.Set QML_XHR_ALLOW_FILE_READ to 1 if you wish to continue using this feature.
QWARN  : qmltestrunner::MochaDSTests::test_table_creation() XMLHttpRequest: Using GET on a local file is dangerous and will be disabled by default in a future Qt version.Set QML_XHR_ALLOW_FILE_READ to 1 if you wish to continue using this feature.
QWARN  : qmltestrunner::MochaDSTests::test_table_creation() XMLHttpRequest: Using GET on a local file is dangerous and will be disabled by default in a future Qt version.Set QML_XHR_ALLOW_FILE_READ to 1 if you wish to continue using this feature.
QWARN  : qmltestrunner::MochaDSTests::test_table_creation() XMLHttpRequest: Using GET on a local file is dangerous and will be disabled by default in a future Qt version.Set QML_XHR_ALLOW_FILE_READ to 1 if you wish to continue using this feature.
QWARN  : qmltestrunner::MochaDSTests::test_table_creation() XMLHttpRequest: Using GET on a local file is dangerous and will be disabled by default in a future Qt version.Set QML_XHR_ALLOW_FILE_READ to 1 if you wish to continue using this feature.
QWARN  : qmltestrunner::MochaDSTests::test_table_creation() XMLHttpRequest: Using GET on a local file is dangerous and will be disabled by default in a future Qt version.Set QML_XHR_ALLOW_FILE_READ to 1 if you wish to continue using this feature.
QWARN  : qmltestrunner::MochaDSTests::test_table_creation() XMLHttpRequest: Using GET on a local file is dangerous and will be disabled by default in a future Qt version.Set QML_XHR_ALLOW_FILE_READ to 1 if you wish to continue using this feature.
QWARN  : qmltestrunner::MochaDSTests::test_table_creation() XMLHttpRequest: Using GET on a local file is dangerous and will be disabled by default in a future Qt version.Set QML_XHR_ALLOW_FILE_READ to 1 if you wish to continue using this feature.
QWARN  : qmltestrunner::MochaDSTests::test_table_creation() XMLHttpRequest: Using GET on a local file is dangerous and will be disabled by default in a future Qt version.Set QML_XHR_ALLOW_FILE_READ to 1 if you wish to continue using this feature.
QWARN  : qmltestrunner::MochaDSTests::test_table_creation() XMLHttpRequest: Using GET on a local file is dangerous and will be disabled by default in a future Qt version.Set QML_XHR_ALLOW_FILE_READ to 1 if you wish to continue using this feature.
QWARN  : qmltestrunner::MochaDSTests::test_table_creation() XMLHttpRequest: Using GET on a local file is dangerous and will be disabled by default in a future Qt version.Set QML_XHR_ALLOW_FILE_READ to 1 if you wish to continue using this feature.
QWARN  : qmltestrunner::MochaDSTests::test_table_creation() XMLHttpRequest: Using GET on a local file is dangerous and will be disabled by default in a future Qt version.Set QML_XHR_ALLOW_FILE_READ to 1 if you wish to continue using this feature.
QWARN  : qmltestrunner::MochaDSTests::test_table_creation() XMLHttpRequest: Using GET on a local file is dangerous and will be disabled by default in a future Qt version.Set QML_XHR_ALLOW_FILE_READ to 1 if you wish to continue using this feature.
QWARN  : qmltestrunner::MochaDSTests::test_table_creation() XMLHttpRequest: Using GET on a local file is dangerous and will be disabled by default in a future Qt version.Set QML_XHR_ALLOW_FILE_READ to 1 if you wish to continue using this feature.
QWARN  : qmltestrunner::MochaDSTests::test_table_creation() XMLHttpRequest: Using GET on a local file is dangerous and will be disabled by default in a future Qt version.Set QML_XHR_ALLOW_FILE_READ to 1 if you wish to continue using this feature.
QWARN  : qmltestrunner::MochaDSTests::test_table_creation() XMLHttpRequest: Using GET on a local file is dangerous and will be disabled by default in a future Qt version.Set QML_XHR_ALLOW_FILE_READ to 1 if you wish to continue using this feature.
QWARN  : qmltestrunner::MochaDSTests::test_table_creation() XMLHttpRequest: Using GET on a local file is dangerous and will be disabled by default in a future Qt version.Set QML_XHR_ALLOW_FILE_READ to 1 if you wish to continue using this feature.
QWARN  : qmltestrunner::MochaDSTests::test_table_creation() XMLHttpRequest: Using GET on a local file is dangerous and will be disabled by default in a future Qt version.Set QML_XHR_ALLOW_FILE_READ to 1 if you wish to continue using this feature.
QWARN  : qmltestrunner::MochaDSTests::test_table_creation() XMLHttpRequest: Using GET on a local file is dangerous and will be disabled by default in a future Qt version.Set QML_XHR_ALLOW_FILE_READ to 1 if you wish to continue using this feature.
QWARN  : qmltestrunner::MochaDSTests::test_table_creation() XMLHttpRequest: Using GET on a local file is dangerous and will be disabled by default in a future Qt version.Set QML_XHR_ALLOW_FILE_READ to 1 if you wish to continue using this feature.
QWARN  : qmltestrunner::MochaDSTests::test_table_creation() XMLHttpRequest: Using GET on a local file is dangerous and will be disabled by default in a future Qt version.Set QML_XHR_ALLOW_FILE_READ to 1 if you wish to continue using this feature.
QWARN  : qmltestrunner::MochaDSTests::test_table_creation() XMLHttpRequest: Using GET on a local file is dangerous and will be disabled by default in a future Qt version.Set QML_XHR_ALLOW_FILE_READ to 1 if you wish to continue using this feature.
QWARN  : qmltestrunner::MochaDSTests::test_table_creation() XMLHttpRequest: Using GET on a local file is dangerous and will be disabled by default in a future Qt version.Set QML_XHR_ALLOW_FILE_READ to 1 if you wish to continue using this feature.
QWARN  : qmltestrunner::MochaDSTests::test_table_creation() XMLHttpRequest: Using GET on a local file is dangerous and will be disabled by default in a future Qt version.Set QML_XHR_ALLOW_FILE_READ to 1 if you wish to continue using this feature.
QWARN  : qmltestrunner::MochaDSTests::test_table_creation() XMLHttpRequest: Using GET on a local file is dangerous and will be disabled by default in a future Qt version.Set QML_XHR_ALLOW_FILE_READ to 1 if you wish to continue using this feature.
QWARN  : qmltestrunner::MochaDSTests::test_table_creation() XMLHttpRequest: Using GET on a local file is dangerous and will be disabled by default in a future Qt version.Set QML_XHR_ALLOW_FILE_READ to 1 if you wish to continue using this feature.
QWARN  : qmltestrunner::MochaDSTests::test_table_creation() XMLHttpRequest: Using GET on a local file is dangerous and will be disabled by default in a future Qt version.Set QML_XHR_ALLOW_FILE_READ to 1 if you wish to continue using this feature.
QWARN  : qmltestrunner::MochaDSTests::test_table_creation() XMLHttpRequest: Using GET on a local file is dangerous and will be disabled by default in a future Qt version.Set QML_XHR_ALLOW_FILE_READ to 1 if you wish to continue using this feature.
QWARN  : qmltestrunner::MochaDSTests::test_table_creation() XMLHttpRequest: Using GET on a local file is dangerous and will be disabled by default in a future Qt version.Set QML_XHR_ALLOW_FILE_READ to 1 if you wish to continue using this feature.
QWARN  : qmltestrunner::MochaDSTests::test_table_creation() XMLHttpRequest: Using GET on a local file is dangerous and will be disabled by default in a future Qt version.Set QML_XHR_ALLOW_FILE_READ to 1 if you wish to continue using this feature.
QWARN  : qmltestrunner::MochaDSTests::test_table_creation() XMLHttpRequest: Using GET on a local file is dangerous and will be disabled by default in a future Qt version.Set QML_XHR_ALLOW_FILE_READ to 1 if you wish to continue using this feature.
QWARN  : qmltestrunner::MochaDSTests::test_table_creation() XMLHttpRequest: Using GET on a local file is dangerous and will be disabled by default in a future Qt version.Set QML_XHR_ALLOW_FILE_READ to 1 if you wish to continue using this feature.
QWARN  : qmltestrunner::MochaDSTests::test_table_creation() XMLHttpRequest: Using GET on a local file is dangerous and will be disabled by default in a future Qt version.Set QML_XHR_ALLOW_FILE_READ to 1 if you wish to continue using this feature.
QWARN  : qmltestrunner::MochaDSTests::test_table_creation() XMLHttpRequest: Using GET on a local file is dangerous and will be disabled by default in a future Qt version.Set QML_XHR_ALLOW_FILE_READ to 1 if you wish to continue using this feature.
QWARN  : qmltestrunner::MochaDSTests::test_table_creation() XMLHttpRequest: Using GET on a local file is dangerous and will be disabled by default in a future Qt version.Set QML_XHR_ALLOW_FILE_READ to 1 if you wish to continue using this feature.
QWARN  : qmltestrunner::MochaDSTests::test_table_creation() XMLHttpRequest: Using GET on a local file is dangerous and will be disabled by default in a future Qt version.Set QML_XHR_ALLOW_FILE_READ to 1 if you wish to continue using this feature.
QWARN  : qmltestrunner::MochaDSTests::test_table_creation() XMLHttpRequest: Using GET on a local file is dangerous and will be disabled by default in a future Qt version.Set QML_XHR_ALLOW_FILE_READ to 1 if you wish to continue using this feature.
QWARN  : qmltestrunner::MochaDSTests::test_table_creation() XMLHttpRequest: Using GET on a local file is dangerous and will be disabled by default in a future Qt version.Set QML_XHR_ALLOW_FILE_READ to 1 if you wish to continue using this feature.
QWARN  : qmltestrunner::MochaDSTests::test_table_creation() XMLHttpRequest: Using GET on a local file is dangerous and will be disabled by default in a future Qt version.Set QML_XHR_ALLOW_FILE_READ to 1 if you wish to continue using this feature.
QWARN  : qmltestrunner::MochaDSTests::test_table_creation() XMLHttpRequest: Using GET on a local file is dangerous and will be disabled by default in a future Qt version.Set QML_XHR_ALLOW_FILE_READ to 1 if you wish to continue using this feature.
QWARN  : qmltestrunner::MochaDSTests::test_table_creation() XMLHttpRequest: Using GET on a local file is dangerous and will be disabled by default in a future Qt version.Set QML_XHR_ALLOW_FILE_READ to 1 if you wish to continue using this feature.
QWARN  : qmltestrunner::MochaDSTests::test_table_creation() XMLHttpRequest: Using GET on a local file is dangerous and will be disabled by default in a future Qt version.Set QML_XHR_ALLOW_FILE_READ to 1 if you wish to continue using this feature.
QWARN  : qmltestrunner::MochaDSTests::test_table_creation() XMLHttpRequest: Using GET on a local file is dangerous and will be disabled by default in a future Qt version.Set QML_XHR_ALLOW_FILE_READ to 1 if you wish to continue using this feature.
QWARN  : qmltestrunner::MochaDSTests::test_table_creation() XMLHttpRequest: Using GET on a local file is dangerous and will be disabled by default in a future Qt version.Set QML_XHR_ALLOW_FILE_READ to 1 if you wish to continue using this feature.
QWARN  : qmltestrunner::MochaDSTests::test_table_creation() XMLHttpRequest: Using GET on a local file is dangerous and will be disabled by default in a future Qt version.Set QML_XHR_ALLOW_FILE_READ to 1 if you wish to continue using this feature.
QWARN  : qmltestrunner::MochaDSTests::test_table_creation() XMLHttpRequest: Using GET on a local file is dangerous and will be disabled by default in a future Qt version.Set QML_XHR_ALLOW_FILE_READ to 1 if you wish to continue using this feature.
QWARN  : qmltestrunner::MochaDSTests::test_table_creation() XMLHttpRequest: Using GET on a local file is dangerous and will be disabled by default in a future Qt version.Set QML_XHR_ALLOW_FILE_READ to 1 if you wish to continue using this feature.
QWARN  : qmltestrunner::MochaDSTests::test_table_creation() XMLHttpRequest: Using GET on a local file is dangerous and will be disabled by default in a future Qt version.Set QML_XHR_ALLOW_FILE_READ to 1 if you wish to continue using this feature.
QWARN  : qmltestrunner::MochaDSTests::test_table_creation() XMLHttpRequest: Using GET on a local file is dangerous and will be disabled by default in a future Qt version.Set QML_XHR_ALLOW_FILE_READ to 1 if you wish to continue using this feature.
QWARN  : qmltestrunner::MochaDSTests::test_table_creation() XMLHttpRequest: Using GET on a local file is dangerous and will be disabled by default in a future Qt version.Set QML_XHR_ALLOW_FILE_READ to 1 if you wish to continue using this feature.
QWARN  : qmltestrunner::MochaDSTests::test_table_creation() XMLHttpRequest: Using GET on a local file is dangerous and will be disabled by default in a future Qt version.Set QML_XHR_ALLOW_FILE_READ to 1 if you wish to continue using this feature.
QWARN  : qmltestrunner::MochaDSTests::test_table_creation() XMLHttpRequest: Using GET on a local file is dangerous and will be disabled by default in a future Qt version.Set QML_XHR_ALLOW_FILE_READ to 1 if you wish to continue using this feature.
QWARN  : qmltestrunner::MochaDSTests::test_table_creation() XMLHttpRequest: Using GET on a local file is dangerous and will be disabled by default in a future Qt version.Set QML_XHR_ALLOW_FILE_READ to 1 if you wish to continue using this feature.
QWARN  : qmltestrunner::MochaDSTests::test_table_creation() XMLHttpRequest: Using GET on a local file is dangerous and will be disabled by default in a future Qt version.Set QML_XHR_ALLOW_FILE_READ to 1 if you wish to continue using this feature.
QWARN  : qmltestrunner::MochaDSTests::test_table_creation() XMLHttpRequest: Using GET on a local file is dangerous and will be disabled by default in a future Qt version.Set QML_XHR_ALLOW_FILE_READ to 1 if you wish to continue using this feature.
QWARN  : qmltestrunner::MochaDSTests::test_table_creation() XMLHttpRequest: Using GET on a local file is dangerous and will be disabled by default in a future Qt version.Set QML_XHR_ALLOW_FILE_READ to 1 if you wish to continue using this feature.
QWARN  : qmltestrunner::MochaDSTests::test_table_creation() XMLHttpRequest: Using GET on a local file is dangerous and will be disabled by default in a future Qt version.Set QML_XHR_ALLOW_FILE_READ to 1 if you wish to continue using this feature.
QWARN  : qmltestrunner::MochaDSTests::test_table_creation() XMLHttpRequest: Using GET on a local file is dangerous and will be disabled by default in a future Qt version.Set QML_XHR_ALLOW_FILE_READ to 1 if you wish to continue using this feature.
QWARN  : qmltestrunner::MochaDSTests::test_table_creation() XMLHttpRequest: Using GET on a local file is dangerous and will be disabled by default in a future Qt version.Set QML_XHR_ALLOW_FILE_READ to 1 if you wish to continue using this feature.
QWARN  : qmltestrunner::MochaDSTests::test_table_creation() XMLHttpRequest: Using GET on a local file is dangerous and will be disabled by default in a future Qt version.Set QML_XHR_ALLOW_FILE_READ to 1 if you wish to continue using this feature.
QWARN  : qmltestrunner::MochaDSTests::test_table_creation() XMLHttpRequest: Using GET on a local file is dangerous and will be disabled by default in a future Qt version.Set QML_XHR_ALLOW_FILE_READ to 1 if you wish to continue using this feature.
QWARN  : qmltestrunner::MochaDSTests::test_table_creation() XMLHttpRequest: Using GET on a local file is dangerous and will be disabled by default in a future Qt version.Set QML_XHR_ALLOW_FILE_READ to 1 if you wish to continue using this feature.
QWARN  : qmltestrunner::MochaDSTests::test_table_creation() XMLHttpRequest: Using GET on a local file is dangerous and will be disabled by default in a future Qt version.Set QML_XHR_ALLOW_FILE_READ to 1 if you wish to continue using this feature.
QWARN  : qmltestrunner::MochaDSTests::test_table_creation() XMLHttpRequest: Using GET on a local file is dangerous and will be disabled by default in a future Qt version.Set QML_XHR_ALLOW_FILE_READ to 1 if you wish to continue using this feature.
QWARN  : qmltestrunner::MochaDSTests::test_table_creation() XMLHttpRequest: Using GET on a local file is dangerous and will be disabled by default in a future Qt version.Set QML_XHR_ALLOW_FILE_READ to 1 if you wish to continue using this feature.
QWARN  : qmltestrunner::MochaDSTests::test_table_creation() XMLHttpRequest: Using GET on a local file is dangerous and will be disabled by default in a future Qt version.Set QML_XHR_ALLOW_FILE_READ to 1 if you wish to continue using this feature.
QWARN  : qmltestrunner::MochaDSTests::test_table_creation() XMLHttpRequest: Using GET on a local file is dangerous and will be disabled by default in a future Qt version.Set QML_XHR_ALLOW_FILE_READ to 1 if you wish to continue using this feature.
QWARN  : qmltestrunner::MochaDSTests::test_table_creation() XMLHttpRequest: Using GET on a local file is dangerous and will be disabled by default in a future Qt version.Set QML_XHR_ALLOW_FILE_READ to 1 if you wish to continue using this feature.
QWARN  : qmltestrunner::MochaDSTests::test_table_creation() XMLHttpRequest: Using GET on a local file is dangerous and will be disabled by default in a future Qt version.Set QML_XHR_ALLOW_FILE_READ to 1 if you wish to continue using this feature.
QWARN  : qmltestrunner::MochaDSTests::test_table_creation() XMLHttpRequest: Using GET on a local file is dangerous and will be disabled by default in a future Qt version.Set QML_XHR_ALLOW_FILE_READ to 1 if you wish to continue using this feature.
QWARN  : qmltestrunner::MochaDSTests::test_table_creation() XMLHttpRequest: Using GET on a local file is dangerous and will be disabled by default in a future Qt version.Set QML_XHR_ALLOW_FILE_READ to 1 if you wish to continue using this feature.
QWARN  : qmltestrunner::MochaDSTests::test_table_creation() XMLHttpRequest: Using GET on a local file is dangerous and will be disabled by default in a future Qt version.Set QML_XHR_ALLOW_FILE_READ to 1 if you wish to continue using this feature.
QWARN  : qmltestrunner::MochaDSTests::test_table_creation() XMLHttpRequest: Using GET on a local file is dangerous and will be disabled by default in a future Qt version.Set QML_XHR_ALLOW_FILE_READ to 1 if you wish to continue using this feature.
QWARN  : qmltestrunner::MochaDSTests::test_table_creation() XMLHttpRequest: Using GET on a local file is dangerous and will be disabled by default in a future Qt version.Set QML_XHR_ALLOW_FILE_READ to 1 if you wish to continue using this feature.
QWARN  : qmltestrunner::MochaDSTests::test_table_creation() XMLHttpRequest: Using GET on a local file is dangerous and will be disabled by default in a future Qt version.Set QML_XHR_ALLOW_FILE_READ to 1 if you wish to continue using this feature.
QWARN  : qmltestrunner::MochaDSTests::test_table_creation() XMLHttpRequest: Using GET on a local file is dangerous and will be disabled by default in a future Qt version.Set QML_XHR_ALLOW_FILE_READ to 1 if you wish to continue using this feature.
QWARN  : qmltestrunner::MochaDSTests::test_table_creation() XMLHttpRequest: Using GET on a local file is dangerous and will be disabled by default in a future Qt version.Set QML_XHR_ALLOW_FILE_READ to 1 if you wish to continue using this feature.
PASS   : qmltestrunner::MochaDSTests::test_table_creation()
PASS   : qmltestrunner::MochaDSTests::test_tabs_creation()
PASS   : qmltestrunner::MochaDSTests::test_tabs_variations()
QWARN  : qmltestrunner::MochaDSTests::test_text_field() XMLHttpRequest: Using GET on a local file is dangerous and will be disabled by default in a future Qt version.Set QML_XHR_ALLOW_FILE_READ to 1 if you wish to continue using this feature.
QWARN  : qmltestrunner::MochaDSTests::test_text_field() XMLHttpRequest: Using GET on a local file is dangerous and will be disabled by default in a future Qt version.Set QML_XHR_ALLOW_FILE_READ to 1 if you wish to continue using this feature.
QWARN  : qmltestrunner::MochaDSTests::test_text_field() XMLHttpRequest: Using GET on a local file is dangerous and will be disabled by default in a future Qt version.Set QML_XHR_ALLOW_FILE_READ to 1 if you wish to continue using this feature.
QWARN  : qmltestrunner::MochaDSTests::test_text_field() XMLHttpRequest: Using GET on a local file is dangerous and will be disabled by default in a future Qt version.Set QML_XHR_ALLOW_FILE_READ to 1 if you wish to continue using this feature.
QWARN  : qmltestrunner::MochaDSTests::test_text_field() XMLHttpRequest: Using GET on a local file is dangerous and will be disabled by default in a future Qt version.Set QML_XHR_ALLOW_FILE_READ to 1 if you wish to continue using this feature.
QWARN  : qmltestrunner::MochaDSTests::test_text_field() XMLHttpRequest: Using GET on a local file is dangerous and will be disabled by default in a future Qt version.Set QML_XHR_ALLOW_FILE_READ to 1 if you wish to continue using this feature.
QWARN  : qmltestrunner::MochaDSTests::test_text_field() XMLHttpRequest: Using GET on a local file is dangerous and will be disabled by default in a future Qt version.Set QML_XHR_ALLOW_FILE_READ to 1 if you wish to continue using this feature.
PASS   : qmltestrunner::MochaDSTests::test_text_field()
PASS   : qmltestrunner::MochaDSTests::test_theme_colors()
PASS   : qmltestrunner::MochaDSTests::test_theme_geometry()
PASS   : qmltestrunner::MochaDSTests::test_theme_spacing()
QWARN  : qmltestrunner::MochaDSTests::test_tile_click() XMLHttpRequest: Using GET on a local file is dangerous and will be disabled by default in a future Qt version.Set QML_XHR_ALLOW_FILE_READ to 1 if you wish to continue using this feature.
QWARN  : qmltestrunner::MochaDSTests::test_tile_click() XMLHttpRequest: Using GET on a local file is dangerous and will be disabled by default in a future Qt version.Set QML_XHR_ALLOW_FILE_READ to 1 if you wish to continue using this feature.
QWARN  : qmltestrunner::MochaDSTests::test_tile_click() XMLHttpRequest: Using GET on a local file is dangerous and will be disabled by default in a future Qt version.Set QML_XHR_ALLOW_FILE_READ to 1 if you wish to continue using this feature.
PASS   : qmltestrunner::MochaDSTests::test_tile_click()
QWARN  : qmltestrunner::MochaDSTests::test_tile_creation() XMLHttpRequest: Using GET on a local file is dangerous and will be disabled by default in a future Qt version.Set QML_XHR_ALLOW_FILE_READ to 1 if you wish to continue using this feature.
QWARN  : qmltestrunner::MochaDSTests::test_tile_creation() XMLHttpRequest: Using GET on a local file is dangerous and will be disabled by default in a future Qt version.Set QML_XHR_ALLOW_FILE_READ to 1 if you wish to continue using this feature.
QWARN  : qmltestrunner::MochaDSTests::test_tile_creation() XMLHttpRequest: Using GET on a local file is dangerous and will be disabled by default in a future Qt version.Set QML_XHR_ALLOW_FILE_READ to 1 if you wish to continue using this feature.
PASS   : qmltestrunner::MochaDSTests::test_tile_creation()
QWARN  : qmltestrunner::MochaDSTests::test_toast_lifecycle() XMLHttpRequest: Using GET on a local file is dangerous and will be disabled by default in a future Qt version.Set QML_XHR_ALLOW_FILE_READ to 1 if you wish to continue using this feature.
QWARN  : qmltestrunner::MochaDSTests::test_toast_lifecycle() XMLHttpRequest: Using GET on a local file is dangerous and will be disabled by default in a future Qt version.Set QML_XHR_ALLOW_FILE_READ to 1 if you wish to continue using this feature.
QWARN  : qmltestrunner::MochaDSTests::test_toast_lifecycle() XMLHttpRequest: Using GET on a local file is dangerous and will be disabled by default in a future Qt version.Set QML_XHR_ALLOW_FILE_READ to 1 if you wish to continue using this feature.
QWARN  : qmltestrunner::MochaDSTests::test_toast_lifecycle() XMLHttpRequest: Using GET on a local file is dangerous and will be disabled by default in a future Qt version.Set QML_XHR_ALLOW_FILE_READ to 1 if you wish to continue using this feature.
QWARN  : qmltestrunner::MochaDSTests::test_toast_lifecycle() XMLHttpRequest: Using GET on a local file is dangerous and will be disabled by default in a future Qt version.Set QML_XHR_ALLOW_FILE_READ to 1 if you wish to continue using this feature.
QWARN  : qmltestrunner::MochaDSTests::test_toast_lifecycle() XMLHttpRequest: Using GET on a local file is dangerous and will be disabled by default in a future Qt version.Set QML_XHR_ALLOW_FILE_READ to 1 if you wish to continue using this feature.
PASS   : qmltestrunner::MochaDSTests::test_toast_lifecycle()
PASS   : qmltestrunner::MochaDSTests::test_toast_manager()
PASS   : qmltestrunner::MochaDSTests::test_toggle_button()
PASS   : qmltestrunner::MochaDSTests::test_tooltip_creation()
QWARN  : qmltestrunner::MochaDSTests::test_tooltip_default_props() file:///home/savunma/.gemini/antigravity/scratch/mocha-ds/Tooltip.qml:42: TypeError: Cannot read property 'parent' of null
PASS   : qmltestrunner::MochaDSTests::test_tooltip_default_props()
QWARN  : qmltestrunner::MochaDSTests::test_tooltip_set_props() file:///home/savunma/.gemini/antigravity/scratch/mocha-ds/Tooltip.qml:42: TypeError: Cannot read property 'parent' of null
PASS   : qmltestrunner::MochaDSTests::test_tooltip_set_props()
PASS   : qmltestrunner::MochaDSTests::cleanupTestCase()
Totals: 59 passed, 4 failed, 0 skipped, 0 blacklisted, 498ms
********* Finished testing of qmltestrunner *********
